mmc-uclass.c:39:5:dm_mmc_set_ios	0	static
mmc-uclass.c:48:5:mmc_set_ios	0	static
mmc-uclass.c:53:5:dm_mmc_get_wp	0	static
mmc-uclass.c:62:5:mmc_getwp	0	static
mmc-uclass.c:67:5:dm_mmc_get_cd	0	static
mmc-uclass.c:76:5:mmc_getcd	0	static
mmc-uclass.c:81:5:dm_mmc_set_voltage	0	static
mmc-uclass.c:91:5:mmc_set_voltage	0	static
mmc-uclass.c:96:5:dm_mmc_set_uhs	0	static
mmc-uclass.c:106:5:mmc_switch_uhs	0	static
mmc-uclass.c:134:13:mmc_get_mmc_dev	8	static
mmc-uclass.c:17:5:dm_mmc_send_cmd	16	static
mmc-uclass.c:34:5:mmc_send_cmd	0	static
mmc-uclass.c:111:5:dm_mmc_execute_tuning	8	static
mmc-uclass.c:128:5:mmc_execute_tuning	0	static
mmc-uclass.c:287:12:mmc_select_hwpart	16	static
mmc-uclass.c:145:13:find_mmc_device	16	static
mmc-uclass.c:164:5:get_mmc_num	8	static
mmc-uclass.c:169:5:mmc_get_next_devnum	0	static
mmc-uclass.c:174:18:mmc_get_blk_desc	16	static
mmc-uclass.c:187:6:mmc_do_preinit	16	static
mmc-uclass.c:210:6:print_mmc_devices	32	static
mmc-uclass.c:243:5:mmc_bind	48	static
mmc-uclass.c:274:5:mmc_unbind	16	static
