Archive member included to satisfy reference by file (symbol)

arch/arm/lib/lib.a(ashldi3.o)
                              drivers/mmc/built-in.o (__aeabi_llsl)
arch/arm/lib/lib.a(lib1funcs.o)
                              arch/arm/mach-zynq/built-in.o (__aeabi_uidiv)
arch/arm/lib/lib.a(lshrdi3.o)
                              fs/built-in.o (__aeabi_llsr)
arch/arm/lib/lib.a(div0.o)    arch/arm/lib/lib.a(lib1funcs.o) (__div0)

Discarded input sections

 .data          0x00000000        0x0 arch/arm/cpu/armv7/start.o
 .bss           0x00000000        0x0 arch/arm/cpu/armv7/start.o
 .text.v7_arch_cp15_set_l2aux_ctrl
                0x00000000        0x8 arch/arm/cpu/armv7/built-in.o
 .text.v7_arch_cp15_set_acr
                0x00000000        0x8 arch/arm/cpu/armv7/built-in.o
 .text.sdelay   0x00000000        0xc arch/arm/cpu/armv7/built-in.o
 .text.wait_on_value
                0x00000000       0x38 arch/arm/cpu/armv7/built-in.o
 .data          0x00000000        0x0 arch/arm/cpu/armv7/built-in.o
 .bss           0x00000000        0x0 arch/arm/cpu/armv7/built-in.o
 .text.setup_board_tags
                0x00000000        0x4 arch/arm/lib/built-in.o
 .text.armv7_boot_nonsec_default
                0x00000000        0x8 arch/arm/lib/built-in.o
 .text.enable_caches
                0x00000000        0xc arch/arm/lib/built-in.o
 .text.invalidate_dcache_range
                0x00000000        0x4 arch/arm/lib/built-in.o
 .text.flush_dcache_range
                0x00000000        0x4 arch/arm/lib/built-in.o
 .text.flush_dcache_all
                0x00000000        0xc arch/arm/lib/built-in.o
 .text.arm_init_before_mmu
                0x00000000        0x4 arch/arm/lib/built-in.o
 .text.mmu_page_table_flush
                0x00000000        0x4 arch/arm/lib/built-in.o
 .text.fdt_psci
                0x00000000        0x8 arch/arm/lib/built-in.o
 .data          0x00000000        0x0 arch/arm/lib/built-in.o
 .__secure_end  0x00000000        0x0 arch/arm/lib/built-in.o
 .__secure_stack_start
                0x00000000        0x0 arch/arm/lib/built-in.o
 .__secure_stack_end
                0x00000000        0x0 arch/arm/lib/built-in.o
 .__secure_start
                0x00000000        0x0 arch/arm/lib/built-in.o
 .bss           0x00000000        0x0 arch/arm/lib/built-in.o
 .text.zynq_get_silicon_version
                0x00000000       0x18 arch/arm/mach-zynq/built-in.o
 .text.zynq_slcr_get_mio_pin_status
                0x00000000       0xa4 arch/arm/mach-zynq/built-in.o
 .text.zynq_clk_get_rate
                0x00000000       0x20 arch/arm/mach-zynq/built-in.o
 .text.zynq_clk_get_name
                0x00000000       0x18 arch/arm/mach-zynq/built-in.o
 .rodata.nand16_pins
                0x00000000       0x20 arch/arm/mach-zynq/built-in.o
 .rodata.nand8_pins
                0x00000000       0x34 arch/arm/mach-zynq/built-in.o
 .rodata.usb1_pins
                0x00000000       0x30 arch/arm/mach-zynq/built-in.o
 .rodata.mio_periphs
                0x00000000       0x50 arch/arm/mach-zynq/built-in.o
 .rodata.usb0_pins
                0x00000000       0x30 arch/arm/mach-zynq/built-in.o
 .data          0x00000000        0x0 arch/arm/mach-zynq/built-in.o
 .bss           0x00000000        0x0 arch/arm/mach-zynq/built-in.o
 .text          0x00000000        0x0 board/xilinx/zynq/built-in.o
 .data          0x00000000        0x0 board/xilinx/zynq/built-in.o
 .bss           0x00000000        0x0 board/xilinx/zynq/built-in.o
 .text          0x00000000        0x0 cmd/built-in.o
 .text.bootz_setup
                0x00000000       0x18 cmd/built-in.o
 .text.invalidate_icache_all
                0x00000000        0xc cmd/built-in.o
 .text.flush_dcache_all
                0x00000000        0xc cmd/built-in.o
 .text.soc_clk_dump
                0x00000000       0x18 cmd/built-in.o
 .text.name_to_gpio
                0x00000000        0xc cmd/built-in.o
 .data          0x00000000        0x0 cmd/built-in.o
 .bss           0x00000000        0x0 cmd/built-in.o
 .text          0x00000000        0x0 common/built-in.o
 .text.hash_parse_string
                0x00000000       0x68 common/built-in.o
 .text.hash_block
                0x00000000       0x6c common/built-in.o
 .text.unset_local_var
                0x00000000       0xa0 common/built-in.o
 .text.arch_cpu_init
                0x00000000        0x8 common/built-in.o
 .text.red_led_off
                0x00000000        0x4 common/built-in.o
 .text.green_led_on
                0x00000000        0x4 common/built-in.o
 .text.green_led_off
                0x00000000        0x4 common/built-in.o
 .text.yellow_led_on
                0x00000000        0x4 common/built-in.o
 .text.yellow_led_off
                0x00000000        0x4 common/built-in.o
 .text.blue_led_on
                0x00000000        0x4 common/built-in.o
 .text.blue_led_off
                0x00000000        0x4 common/built-in.o
 .text.dram_init_banksize
                0x00000000        0x4 common/built-in.o
[...]
Memory Configuration

Name             Origin             Length             Attributes
*default*        0x00000000         0xffffffff

Linker script and memory map

Address of section .text set to 0x4000000
                0x00000000                . = 0x0
                0x00000000                . = ALIGN (0x4)

.text           0x04000000    0x523dc
 *(.__image_copy_start)
 .__image_copy_start
                0x04000000        0x0 arch/arm/lib/built-in.o
                0x04000000                __image_copy_start
 *(.vectors)
 .vectors       0x04000000      0x300 arch/arm/lib/built-in.o
                0x04000000                _start
                0x04000020                _undefined_instruction
                0x04000024                _software_interrupt
                0x04000028                _prefetch_abort
                0x0400002c                _data_abort
                0x04000030                _not_used
                0x04000034                _irq
                0x04000038                _fiq
                0x04000040                IRQ_STACK_START_IN
 arch/arm/cpu/armv7/start.o(.text*)
 .text          0x04000300       0xb0 arch/arm/cpu/armv7/start.o
                0x04000300                reset
                0x04000304                save_boot_params_ret
                0x04000340                c_runtime_cpu_setup
                0x04000350                save_boot_params
                0x04000354                cpu_init_cp15
                0x040003a8                cpu_init_crit
 *(.text*)
 .text          0x040003b0      0x148 arch/arm/cpu/armv7/built-in.o
                0x040003b0                __v7_flush_dcache_all
                0x04000444                v7_flush_dcache_all
                0x04000454                __v7_invalidate_dcache_all
                0x040004e8                v7_invalidate_dcache_all
 .text.invalidate_icache_all
                0x040004f8       0x18 arch/arm/cpu/armv7/built-in.o
                0x040004f8                invalidate_icache_all
 .text.v7_outer_cache_enable
                0x04000510        0x4 arch/arm/cpu/armv7/built-in.o
                0x04000510                v7_outer_cache_enable
 .text.v7_outer_cache_disable
                0x04000514        0x4 arch/arm/cpu/armv7/built-in.o
                0x04000514                v7_outer_cache_disable
 .text.v7_outer_cache_flush_all
                0x04000518        0x4 arch/arm/cpu/armv7/built-in.o
                0x04000518                v7_outer_cache_flush_all
 .text.flush_dcache_all
                0x0400051c       0x10 arch/arm/cpu/armv7/built-in.o
                0x0400051c                flush_dcache_all
 .text.v7_outer_cache_inval_all
                0x0400052c        0x4 arch/arm/cpu/armv7/built-in.o
                0x0400052c                v7_outer_cache_inval_all
 .text.invalidate_dcache_all
                0x04000530       0x10 arch/arm/cpu/armv7/built-in.o
                0x04000530                invalidate_dcache_all
 .text.arm_init_before_mmu
                0x04000540       0x28 arch/arm/cpu/armv7/built-in.o
                0x04000540                arm_init_before_mmu
 .text.v7_outer_cache_flush_range
                0x04000568        0x4 arch/arm/cpu/armv7/built-in.o
                0x04000568                v7_outer_cache_flush_range
 .text.flush_dcache_range
                0x0400056c       0x54 arch/arm/cpu/armv7/built-in.o
                0x0400056c                flush_dcache_range
 .text.mmu_page_table_flush
                0x040005c0       0x24 arch/arm/cpu/armv7/built-in.o
                0x040005c0                mmu_page_table_flush
 .text.v7_outer_cache_inval_range
                0x040005e4        0x4 arch/arm/cpu/armv7/built-in.o
                0x040005e4                v7_outer_cache_inval_range
 .text.invalidate_dcache_range
                0x040005e8       0x64 arch/arm/cpu/armv7/built-in.o
                0x040005e8                invalidate_dcache_range
 .text.cpu_cache_initialization
                0x0400064c        0x4 arch/arm/cpu/armv7/built-in.o
                0x0400064c                cpu_cache_initialization
 .text.cleanup_before_linux_select
                0x04000650       0x4c arch/arm/cpu/armv7/built-in.o
                0x04000650                cleanup_before_linux_select
 .text.cleanup_before_linux
                0x0400069c        0x8 arch/arm/cpu/armv7/built-in.o
                0x0400069c                cleanup_before_linux
 *fill*         0x040006a4       0x1c 
 .text          0x040006c0      0x52c arch/arm/lib/built-in.o
                0x040006c0                _main
                0x04000760                memset
                0x04000840                memcpy
 .text.relocate_vectors
                0x04000bec       0x70 arch/arm/lib/built-in.o
                0x04000bec                relocate_vectors
                0x04000bf8                relocate_code
 .text.arch_fixup_fdt
                0x04000c5c       0x38 arch/arm/lib/built-in.o
                0x04000c5c                arch_fixup_fdt
 .text.boot_prep_linux
                0x04000c94       0x4c arch/arm/lib/built-in.o
 .text.arch_lmb_reserve
                0x04000ce0       0x24 arch/arm/lib/built-in.o
                0x04000ce0                arch_lmb_reserve
 .text.board_quiesce_devices
                0x04000d04        0x4 arch/arm/lib/built-in.o
                0x04000d04                board_quiesce_devices
 .text.boot_jump_linux
                0x04000d08       0xc8 arch/arm/lib/built-in.o
 .text.do_bootm_linux
                0x04000dd0       0x5c arch/arm/lib/built-in.o
                0x04000dd0                do_bootm_linux
 .text.boot_prep_vxworks
                0x04000e2c       0x50 arch/arm/lib/built-in.o
                0x04000e2c                boot_prep_vxworks
 .text.boot_jump_vxworks
                0x04000e7c        0xc arch/arm/lib/built-in.o
                0x04000e7c                boot_jump_vxworks
 .text.bootz_setup
                0x04000e88       0x7c arch/arm/lib/built-in.o
                0x04000e88                bootz_setup
 .text.arch_reserve_stacks
                0x04000f04       0x1c arch/arm/lib/built-in.o
                0x04000f04                arch_reserve_stacks
 .text.interrupt_init
                0x04000f20       0x1c arch/arm/lib/built-in.o
                0x04000f20                interrupt_init
 .text.enable_interrupts
                0x04000f3c        0x4 arch/arm/lib/built-in.o
                0x04000f3c                enable_interrupts
 .text.disable_interrupts
                0x04000f40        0x8 arch/arm/lib/built-in.o
                0x04000f40                disable_interrupts
 .text.bad_mode
                0x04000f48       0x10 arch/arm/lib/built-in.o
                0x04000f48                bad_mode
 .text.show_regs
                0x04000f58      0x174 arch/arm/lib/built-in.o
                0x04000f58                show_regs
 .text.do_undefined_instruction
                0x040010cc       0x24 arch/arm/lib/built-in.o
                0x040010cc                do_undefined_instruction
 .text.do_software_interrupt
                0x040010f0       0x24 arch/arm/lib/built-in.o
                0x040010f0                do_software_interrupt
 .text.do_prefetch_abort
                0x04001114       0x24 arch/arm/lib/built-in.o
                0x04001114                do_prefetch_abort
 .text.do_data_abort
                0x04001138       0x24 arch/arm/lib/built-in.o
                0x04001138                do_data_abort
 .text.do_not_used
                0x0400115c       0x24 arch/arm/lib/built-in.o
                0x0400115c                do_not_used
 .text.do_fiq   0x04001180       0x24 arch/arm/lib/built-in.o
                0x04001180                do_fiq
 .text.do_irq   0x040011a4       0x24 arch/arm/lib/built-in.o
                0x040011a4                do_irq
 .text.reset_misc
                0x040011c8        0x4 arch/arm/lib/built-in.o
                0x040011c8                reset_misc
 .text.do_reset
                0x040011cc       0x30 arch/arm/lib/built-in.o
                0x040011cc                do_reset
 .text.flush_cache
                0x040011fc        0x8 arch/arm/lib/built-in.o
                0x040011fc                flush_cache
 .text.check_cache_range
                0x04001204       0x38 arch/arm/lib/built-in.o
                0x04001204                check_cache_range
 .text.cp_delay
                0x0400123c       0x30 arch/arm/lib/built-in.o
 .text.cache_disable
                0x0400126c       0x48 arch/arm/lib/built-in.o
 .text.arm_init_domains
                0x040012b4        0x4 arch/arm/lib/built-in.o
                0x040012b4                arm_init_domains
 .text.set_section_dcache
                0x040012b8       0x14 arch/arm/lib/built-in.o
                0x040012b8                set_section_dcache
 .text.mmu_set_region_dcache_behaviour
                0x040012cc       0x58 arch/arm/lib/built-in.o
                0x040012cc                mmu_set_region_dcache_behaviour
 .text.dram_bank_mmu_setup
                0x04001324       0x44 arch/arm/lib/built-in.o
                0x04001324                dram_bank_mmu_setup
 .text.icache_enable
                0x04001368       0x1c arch/arm/lib/built-in.o
                0x04001368                icache_enable
 .text.icache_disable
                0x04001384        0x8 arch/arm/lib/built-in.o
                0x04001384                icache_disable
 .text.icache_status
                0x0400138c        0xc arch/arm/lib/built-in.o
                0x0400138c                icache_status
 .text.dcache_enable
                0x04001398       0x84 arch/arm/lib/built-in.o
                0x04001398                dcache_enable
 .text.dcache_disable
                0x0400141c        0x8 arch/arm/lib/built-in.o
                0x0400141c                dcache_disable
 .text.dcache_status
                0x04001424        0xc arch/arm/lib/built-in.o
                0x04001424                dcache_status
 .text          0x04001430       0x24 arch/arm/mach-zynq/built-in.o
                0x04001430                lowlevel_init
 .text.timer_init
                0x04001454       0x70 arch/arm/mach-zynq/built-in.o
                0x04001454                timer_init
 .text.get_tbclk
                0x040014c4        0x8 arch/arm/mach-zynq/built-in.o
                0x040014c4                get_tbclk
 .text.arch_cpu_init
                0x040014cc       0x7c arch/arm/mach-zynq/built-in.o
                0x040014cc                arch_cpu_init
 .text.reset_cpu
                0x04001548        0xc arch/arm/mach-zynq/built-in.o
                0x04001548                reset_cpu
 .text.enable_caches
                0x04001554        0x4 arch/arm/mach-zynq/built-in.o
                0x04001554                enable_caches
 .text.zynq_ddrc_init
                0x04001558       0x60 arch/arm/mach-zynq/built-in.o
                0x04001558                zynq_ddrc_init
 .text.zynq_slcr_lock
                0x040015b8       0x30 arch/arm/mach-zynq/built-in.o
                0x040015b8                zynq_slcr_lock
 .text.zynq_slcr_unlock
                0x040015e8       0x30 arch/arm/mach-zynq/built-in.o
                0x040015e8                zynq_slcr_unlock
 .text.zynq_slcr_cpu_reset
                0x04001618       0x28 arch/arm/mach-zynq/built-in.o
                0x04001618                zynq_slcr_cpu_reset
 .text.zynq_slcr_gem_clk_setup
                0x04001640       0x6c arch/arm/mach-zynq/built-in.o
                0x04001640                zynq_slcr_gem_clk_setup
 .text.zynq_slcr_devcfg_disable
                0x040016ac       0x40 arch/arm/mach-zynq/built-in.o
                0x040016ac                zynq_slcr_devcfg_disable
 .text.zynq_slcr_devcfg_enable
                0x040016ec       0x2c arch/arm/mach-zynq/built-in.o
                0x040016ec                zynq_slcr_devcfg_enable
 .text.zynq_slcr_get_boot_mode
                0x04001718       0x10 arch/arm/mach-zynq/built-in.o
                0x04001718                zynq_slcr_get_boot_mode
 .text.zynq_slcr_get_idcode
                0x04001728       0x14 arch/arm/mach-zynq/built-in.o
                0x04001728                zynq_slcr_get_idcode
 .text.ddr2x_get_rate
                0x0400173c       0x40 arch/arm/mach-zynq/built-in.o
 .text.ddr3x_get_rate
                0x0400177c       0x40 arch/arm/mach-zynq/built-in.o
 .text.zynq_clk_periph_get_rate
                0x040017bc       0x80 arch/arm/mach-zynq/built-in.o
 .text.__zynq_clk_pll_get_rate
                0x0400183c       0x24 arch/arm/mach-zynq/built-in.o
 .text.zynq_clk_pll_get_rate
                0x04001860        0x8 arch/arm/mach-zynq/built-in.o
 .text.zynq_clk_periph_set_rate
                0x04001868      0x124 arch/arm/mach-zynq/built-in.o
 .text.zynq_clk_register_periph_clk
                0x0400198c       0x60 arch/arm/mach-zynq/built-in.o
 .text.zynq_clk_early_init
                0x040019ec       0x5c arch/arm/mach-zynq/built-in.o
                0x040019ec                zynq_clk_early_init
 .text.get_uart_clk
                0x04001a48       0x54 arch/arm/mach-zynq/built-in.o
                0x04001a48                get_uart_clk
 .text.set_cpu_clk_info
                0x04001a9c      0x614 arch/arm/mach-zynq/built-in.o
                0x04001a9c                set_cpu_clk_info
 .text.zynq_clk_set_rate
                0x040020b0       0x40 arch/arm/mach-zynq/built-in.o
                0x040020b0                zynq_clk_set_rate
 .text.soc_clk_dump
                0x040020f0       0x50 arch/arm/mach-zynq/built-in.o
                0x040020f0                soc_clk_dump
 .text.board_init
                0x04002140      0x14c board/xilinx/zynq/built-in.o
                0x04002140                board_init
 .text.board_late_init
                0x0400228c       0x9c board/xilinx/zynq/built-in.o
                0x0400228c                board_late_init
 .text.checkboard
                0x04002328       0x18 board/xilinx/zynq/built-in.o
                0x04002328                checkboard
 .text.zynq_board_read_rom_ethaddr
                0x04002340        0x8 board/xilinx/zynq/built-in.o
                0x04002340                zynq_board_read_rom_ethaddr
 .text.dram_init_banksize
                0x04002348        0x4 board/xilinx/zynq/built-in.o
                0x04002348                dram_init_banksize
 .text.dram_init
                0x0400234c       0x20 board/xilinx/zynq/built-in.o
                0x0400234c                dram_init
 .text.do_go_exec
                0x0400236c       0x10 cmd/built-in.o
                0x0400236c                do_go_exec
 .text.do_go    0x0400237c       0x6c cmd/built-in.o
 .text.do_bootm
                0x040023e8      0x118 cmd/built-in.o
                0x040023e8                do_bootm
 .text.do_bootd
                0x04002500       0x20 cmd/built-in.o
                0x04002500                do_bootd
 .text.image_info
                0x04002520      0x124 cmd/built-in.o
 .text.do_iminfo
                0x04002644       0x60 cmd/built-in.o
 .text.bootm_maybe_autostart
                0x040026a4       0x78 cmd/built-in.o
                0x040026a4                bootm_maybe_autostart
 .text.do_help  0x0400271c       0x48 cmd/built-in.o
 .text.do_version
                0x04002764       0x38 cmd/built-in.o
 .text.source   0x0400279c      0x1c4 cmd/built-in.o
                0x0400279c                source
 .text.do_source
                0x04002960       0x70 cmd/built-in.o
 .text.print_num
                0x040029d0       0x18 cmd/built-in.o
 .text.do_bdinfo
                0x040029e8      0x11c cmd/built-in.o
 .text.bootefi_open_dp
                0x04002b04       0x14 cmd/built-in.o
 .text.do_bootefi_exec
                0x04002b18      0x298 cmd/built-in.o
 .text.do_bootefi
                0x04002db0       0x8c cmd/built-in.o
 .text.efi_set_bootdev
                0x04002e3c      0x128 cmd/built-in.o
                0x04002e3c                efi_set_bootdev
 .text.do_bootz
                0x04002f64       0xf8 cmd/built-in.o
                0x04002f64                do_bootz
 .text.parse_argv
                0x0400305c       0x64 cmd/built-in.o
 .text.do_icache
                0x040030c0       0x88 cmd/built-in.o
 .text.do_dcache
                0x04003148       0x88 cmd/built-in.o
 .text.do_clk   0x040031d0       0x68 cmd/built-in.o
 .text.do_clk_dump
                0x04003238        0x4 cmd/built-in.o
 .text.do_coninfo
                0x0400323c       0xb0 cmd/built-in.o
 .text.do_echo  0x040032ec       0xb0 cmd/built-in.o
 .text.parse_numeric_param
                0x0400339c       0x28 cmd/built-in.o
 .text.parse_i2c_bus_addr
                0x040033c4       0x90 cmd/built-in.o
 .text.eeprom_write_enable
                0x04003454        0x8 cmd/built-in.o
                0x04003454                eeprom_write_enable
 .text.eeprom_init
                0x0400345c       0x28 cmd/built-in.o
                0x0400345c                eeprom_init
 .text.eeprom_read
                0x04003484       0x6c cmd/built-in.o
                0x04003484                eeprom_read
 .text.eeprom_write
                0x040034f0       0x90 cmd/built-in.o
                0x040034f0                eeprom_write
 .text.do_eeprom
                0x04003580      0x194 cmd/built-in.o
                0x04003580                do_eeprom
 .text.load_elf_image_shdr
                0x04003714       0x8c cmd/built-in.o
 .text.valid_elf_image
                0x040037a0       0x4c cmd/built-in.o
                0x040037a0                valid_elf_image
 .text.do_bootelf
                0x040037ec      0x1b0 cmd/built-in.o
                0x040037ec                do_bootelf
 .text.do_bootvx
                0x0400399c      0x32c cmd/built-in.o
                0x0400399c                do_bootvx
 .text.do_exit  0x04003cc8       0x30 cmd/built-in.o
 .text.do_ext4_size
                0x04003cf8       0x18 cmd/built-in.o
                0x04003cf8                do_ext4_size
 .text.do_ext4_load
                0x04003d10       0x18 cmd/built-in.o
                0x04003d10                do_ext4_load
 .text.do_ext4_ls
                0x04003d28       0x18 cmd/built-in.o
                0x04003d28                do_ext4_ls
 .text.do_ext4_write
                0x04003d40       0x18 cmd/built-in.o
                0x04003d40                do_ext4_write
 .text.do_ext2load
                0x04003d58       0x18 cmd/built-in.o
                0x04003d58                do_ext2load
 .text.do_ext2ls
                0x04003d70       0x18 cmd/built-in.o
 .text.do_fat_size
                0x04003d88       0x18 cmd/built-in.o
                0x04003d88                do_fat_size
 .text.do_fat_fsload
                0x04003da0       0x18 cmd/built-in.o
                0x04003da0                do_fat_fsload
 .text.do_fat_ls
                0x04003db8       0x18 cmd/built-in.o
 .text.do_fat_fsinfo
                0x04003dd0       0x90 cmd/built-in.o
 .text.do_fat_fswrite
                0x04003e60      0x128 cmd/built-in.o
 .text.fdt_valid
                0x04003f88       0xbc cmd/built-in.o
 .text.is_printable_string
                0x04004044       0x98 cmd/built-in.o
 .text.print_data
                0x040040dc      0x174 cmd/built-in.o
 .text.set_working_fdt_addr
                0x04004250       0x1c cmd/built-in.o
                0x04004250                set_working_fdt_addr
 .text.do_fdt   0x0400426c      0xfa4 cmd/built-in.o
 .text.do_fpga  0x04005210      0x53c cmd/built-in.o
                0x04005210                do_fpga
 .text.do_size_wrapper
                0x0400574c       0x18 cmd/built-in.o
 .text.do_load_wrapper
                0x04005764       0x64 cmd/built-in.o
 .text.do_save_wrapper
                0x040057c8       0x18 cmd/built-in.o
 .text.do_ls_wrapper
                0x040057e0       0x18 cmd/built-in.o
 .text.do_fstype_wrapper
                0x040057f8        0x4 cmd/built-in.o
 .text.gpio_get_description
                0x040057fc       0xc8 cmd/built-in.o
 .text.do_gpio  0x040058c4      0x378 cmd/built-in.o
 .text.do_i2c   0x04005c3c       0x68 cmd/built-in.o
 .text.do_i2c_bus_speed
                0x04005ca4       0x78 cmd/built-in.o
 .text.do_i2c_reset
                0x04005d1c       0x30 cmd/built-in.o
 .text.do_i2c_probe
                0x04005d4c       0x9c cmd/built-in.o
 .text.do_i2c_bus_num
                0x04005de8       0xbc cmd/built-in.o
 .text.do_i2c_show_bus
                0x04005ea4       0xd8 cmd/built-in.o
 .text.get_alen.constprop.4
                0x04005f7c       0x3c cmd/built-in.o
 .text.do_i2c_crc
                0x04005fb8      0x124 cmd/built-in.o
 .text.do_i2c_read
                0x040060dc       0xbc cmd/built-in.o
 .text.do_i2c_md
                0x04006198      0x1e8 cmd/built-in.o
 .text.do_i2c_mw
                0x04006380      0x100 cmd/built-in.o
 .text.do_i2c_write
                0x04006480      0x14c cmd/built-in.o
 .text.mod_i2c_mem.isra.3
                0x040065cc      0x20c cmd/built-in.o
 .text.do_i2c_nm
                0x040067d8        0x8 cmd/built-in.o
 .text.do_i2c_mm
                0x040067e0        0x8 cmd/built-in.o
 .text.do_i2c_loop
                0x040067e8       0xe4 cmd/built-in.o
 .text.i2c_init_board
                0x040068cc        0x4 cmd/built-in.o
                0x040068cc                i2c_init_board
 .text.evalexp  0x040068d0       0x78 cmd/built-in.o
 .text.evalstr  0x04006948       0x6c cmd/built-in.o
 .text.binary_test
                0x040069b4      0x1b0 cmd/built-in.o
 .text.do_itest
                0x04006b64       0x98 cmd/built-in.o
 .text.bin_data_init
                0x04006bfc       0x2c cmd/built-in.o
 .text.k_data_save
                0x04006c28       0x4c cmd/built-in.o
 .text.k_data_restore
                0x04006c74       0x4c cmd/built-in.o
 .text.getcxmodem
                0x04006cc0       0x20 cmd/built-in.o
 .text.load_serial_ymodem
                0x04006ce0       0xd0 cmd/built-in.o
 .text.bin_data_char
                0x04006db0       0x2c cmd/built-in.o
 .text.chk1.constprop.1
                0x04006ddc       0x2c cmd/built-in.o
 .text.s1_sendpacket.constprop.2
                0x04006e08       0x50 cmd/built-in.o
 .text.load_serial
                0x04006e58      0x1e0 cmd/built-in.o
 .text.do_load_serial
                0x04007038       0xdc cmd/built-in.o
 .text.do_load_serial_bin
                0x04007114      0x7a4 cmd/built-in.o
 .text.do_mem_mw
                0x040078b8       0xc0 cmd/built-in.o
 .text.do_mem_loop
                0x04007978       0xec cmd/built-in.o
 .text.do_mem_md
                0x04007a64       0xec cmd/built-in.o
 .text.do_mem_cmp
                0x04007b50      0x16c cmd/built-in.o
 .text.do_mem_base
                0x04007cbc       0x40 cmd/built-in.o
 .text.do_mem_cp
                0x04007cfc       0xd8 cmd/built-in.o
 .text.do_mem_crc
                0x04007dd4       0x48 cmd/built-in.o
 .text.mod_mem.isra.2
                0x04007e1c      0x164 cmd/built-in.o
 .text.do_mem_mm
                0x04007f80        0x8 cmd/built-in.o
 .text.do_mem_nm
                0x04007f88        0x8 cmd/built-in.o
 .text.extract_range
                0x04007f90       0xe4 cmd/built-in.o
 .text.do_mii   0x04008074      0x8d4 cmd/built-in.o
 .text.do_mdio  0x04008948      0x4b4 cmd/built-in.o
 .text.do_sleep
                0x04008dfc       0xcc cmd/built-in.o
 .text.do_mmcops
                0x04008ec8       0xb8 cmd/built-in.o
 .text.init_mmc_device
                0x04008f80       0x54 cmd/built-in.o
 .text.do_mmc_rescan
                0x04008fd4       0x24 cmd/built-in.o
 .text.do_mmc_hwpartition
                0x04008ff8      0x50c cmd/built-in.o
 .text.do_mmc_list
                0x04009504       0x14 cmd/built-in.o
 .text.do_mmc_dev
                0x04009518      0x140 cmd/built-in.o
 .text.do_mmc_part
                0x04009658       0x60 cmd/built-in.o
 .text.do_mmc_erase
                0x040096b8       0xe8 cmd/built-in.o
 .text.do_mmc_write
                0x040097a0      0x100 cmd/built-in.o
 .text.do_mmc_read
                0x040098a0       0xec cmd/built-in.o
 .text.do_mmcinfo
                0x0400998c      0x370 cmd/built-in.o
 .text.do_mmc_setdsr
                0x04009cfc       0xb0 cmd/built-in.o
 .text.netboot_common
                0x04009dac      0x2e4 cmd/built-in.o
 .text.do_bootp
                0x0400a090        0xc cmd/built-in.o
 .text.do_tftpput
                0x0400a09c        0xc cmd/built-in.o
                0x0400a09c                do_tftpput
 .text.do_dhcp  0x0400a0a8        0xc cmd/built-in.o
 .text.do_nfs   0x0400a0b4        0xc cmd/built-in.o
 .text.do_tftpb
                0x0400a0c0       0x40 cmd/built-in.o
                0x0400a0c0                do_tftpb
 .text.do_ping  0x0400a100       0x7c cmd/built-in.o
 .text.bytes_per_second
                0x0400a17c       0x50 cmd/built-in.o
 .text.do_spi_flash
                0x0400a1cc      0x8a0 cmd/built-in.o
 .text.do_false
                0x0400aa6c        0x8 cmd/built-in.o
 .text.do_true  0x0400aa74        0x8 cmd/built-in.o
 .text.do_test  0x0400aa7c      0x33c cmd/built-in.o
 .text.usb_get_class_desc
                0x0400adb8       0xbc cmd/built-in.o
 .text.usb_display_class_sub
                0x0400ae74      0x170 cmd/built-in.o
 .text.usb_show_tree_graph
                0x0400afe4      0x1dc cmd/built-in.o
 .text.usb_show_subtree
                0x0400b1c0       0x30 cmd/built-in.o
 .text.usb_for_each_root_dev
                0x0400b1f0       0x68 cmd/built-in.o
 .text.usb_display_string
                0x0400b258       0x44 cmd/built-in.o
 .text.usb_display_config
                0x0400b29c      0x20c cmd/built-in.o
 .text.usb_find_device
                0x0400b4a8       0xb4 cmd/built-in.o
 .text.do_usbboot
                0x0400b55c        0xc cmd/built-in.o
 .text.usb_display_desc.part.3
                0x0400b568      0x12c cmd/built-in.o
 .text.do_usb_start
                0x0400b694       0x30 cmd/built-in.o
 .text.usb_show_info
                0x0400b6c4       0x60 cmd/built-in.o
 .text.usb_show_tree
                0x0400b724        0xc cmd/built-in.o
                0x0400b724                usb_show_tree
 .text.do_usb   0x0400b730      0x734 cmd/built-in.o
 .text.common_diskboot
                0x0400be64      0x2a8 cmd/built-in.o
                0x0400be64                common_diskboot
 .text.do_thor_down
                0x0400c10c      0x104 cmd/built-in.o
                0x0400c10c                do_thor_down
 .text.do_imgextract
                0x0400c210      0x3c0 cmd/built-in.o
 .text.do_spl   0x0400c5d0      0x1a0 cmd/built-in.o
 .text.do_dfu   0x0400c770       0x84 cmd/built-in.o
 .text.do_env_delete
                0x0400c7f4       0x9c cmd/built-in.o
 .text.do_env_exists
                0x0400c890       0x64 cmd/built-in.o
 .text.do_env_save
                0x0400c8f4       0x2c cmd/built-in.o
 .text.do_env   0x0400c920       0x68 cmd/built-in.o
 .text.env_print
                0x0400c988       0xc0 cmd/built-in.o
 .text.do_env_print
                0x0400ca48       0xc8 cmd/built-in.o
 .text.do_env_import
                0x0400cb10      0x28c cmd/built-in.o
 .text.do_env_default
                0x0400cd9c       0xa8 cmd/built-in.o
 .text._do_env_set.isra.1
                0x0400ce44      0x1bc cmd/built-in.o
 .text.do_env_set
                0x0400d000       0x20 cmd/built-in.o
 .text.get_env_id
                0x0400d020       0x10 cmd/built-in.o
                0x0400d020                get_env_id
 .text.setenv   0x0400d030       0x5c cmd/built-in.o
                0x0400d030                setenv
 .text.setenv_ulong
                0x0400d08c       0x20 cmd/built-in.o
                0x0400d08c                setenv_ulong
 .text.setenv_hex
                0x0400d0ac       0x34 cmd/built-in.o
                0x0400d0ac                setenv_hex
 .text.do_env_export
                0x0400d0e0      0x268 cmd/built-in.o
 .text.envmatch
                0x0400d348       0x6c cmd/built-in.o
                0x0400d348                envmatch
 .text.getenv_f
                0x0400d3b4       0xc8 cmd/built-in.o
                0x0400d3b4                getenv_f
 .text.getenv   0x0400d47c       0x78 cmd/built-in.o
                0x0400d47c                getenv
 .text.getenv_hex
                0x0400d4f4       0x3c cmd/built-in.o
                0x0400d4f4                getenv_hex
 .text.getenv_ulong
                0x0400d530       0x30 cmd/built-in.o
                0x0400d530                getenv_ulong
 .text.do_env_edit.part.3
                0x0400d560       0xa4 cmd/built-in.o
 .text.do_env_edit
                0x0400d604       0x2c cmd/built-in.o
 .text.board_init_f_alloc_reserve
                0x0400d630       0x10 common/built-in.o
                0x0400d630                board_init_f_alloc_reserve
 .text.board_init_f_init_reserve
                0x0400d640       0x20 common/built-in.o
                0x0400d640                board_init_f_init_reserve
 .text.show_boot_progress
                0x0400d660        0x8 common/built-in.o
                0x0400d660                show_boot_progress
 .text.main_loop
                0x0400d668       0x6c common/built-in.o
                0x0400d668                main_loop
 .text.dummy    0x0400d6d4        0x4 common/built-in.o
 .text.get_version
                0x0400d6d8        0x8 common/built-in.o
                0x0400d6d8                get_version
 .text.jumptable_init
                0x0400d6e0      0x1f0 common/built-in.o
                0x0400d6e0                jumptable_init
 .text.hash_finish_crc32
                0x0400d8d0       0x30 common/built-in.o
 .text.hash_update_crc32
                0x0400d900       0x24 common/built-in.o
 .text.hash_init_crc32
                0x0400d924       0x24 common/built-in.o
 .text.hash_finish_sha256
                0x0400d948       0x38 common/built-in.o
 .text.hash_update_sha256
                0x0400d980       0x1c common/built-in.o
 .text.hash_init_sha256
                0x0400d99c       0x24 common/built-in.o
 .text.hash_finish_sha1
                0x0400d9c0       0x38 common/built-in.o
 .text.hash_update_sha1
                0x0400d9f8       0x1c common/built-in.o
 .text.hash_init_sha1
                0x0400da14       0x24 common/built-in.o
 .text.hash_lookup_algo
                0x0400da38       0x58 common/built-in.o
                0x0400da38                hash_lookup_algo
 .text.hash_progressive_lookup_algo
                0x0400da90       0x60 common/built-in.o
                0x0400da90                hash_progressive_lookup_algo
 .text.hash_command
                0x0400daf0      0x1b8 common/built-in.o
                0x0400daf0                hash_command
 .text.b_reset  0x0400dca8       0x1c common/built-in.o
 .text.static_get
                0x0400dcc4       0x1c common/built-in.o
 .text.static_peek
                0x0400dce0        0xc common/built-in.o
 .text.file_peek
                0x0400dcec        0xc common/built-in.o
 .text.mapset   0x0400dcf8       0x20 common/built-in.o
 .text.syntax_err
                0x0400dd18        0xc common/built-in.o
 .text.free_pipe_list
                0x0400dd24       0xf0 common/built-in.o
 .text.xmalloc  0x0400de14       0x20 common/built-in.o
 .text.new_pipe
                0x0400de34       0x28 common/built-in.o
 .text.xrealloc
                0x0400de5c       0x20 common/built-in.o
 .text.done_command
                0x0400de7c       0x88 common/built-in.o
 .text.done_pipe
                0x0400df04       0x48 common/built-in.o
 .text.done_word
                0x0400df4c      0x2e4 common/built-in.o
 .text.do_showvar
                0x0400e230       0xfc common/built-in.o
 .text.is_assignment
                0x0400e32c       0x5c common/built-in.o
 .text.file_get
                0x0400e388      0x1f0 common/built-in.o
 .text.b_addchr
                0x0400e578       0x78 common/built-in.o
 .text.b_addqchr
                0x0400e5f0       0x50 common/built-in.o
 .text.get_local_var
                0x0400e640       0xa0 common/built-in.o
                0x0400e640                get_local_var
 .text.set_local_var
                0x0400e6e0      0x1bc common/built-in.o
                0x0400e6e0                set_local_var
 .text.insert_var_value_sub
                0x0400e89c      0x2c0 common/built-in.o
 .text.parse_string_outer
                0x0400eb5c       0xe4 common/built-in.o
                0x0400eb5c                parse_string_outer
 .text.run_list_real
                0x0400ec40      0x7f4 common/built-in.o
 .text.parse_stream_outer
                0x0400f434      0x6d4 common/built-in.o
 .text.parse_file_outer
                0x0400fb08       0x44 common/built-in.o
                0x0400fb08                parse_file_outer
 .text.u_boot_hush_start
                0x0400fb4c       0x54 common/built-in.o
                0x0400fb4c                u_boot_hush_start
 .text.bootdelay_process
                0x0400fba0       0xbc common/built-in.o
                0x0400fba0                bootdelay_process
 .text.autoboot_command
                0x0400fc5c       0xf8 common/built-in.o
                0x0400fc5c                autoboot_command
 .text.print_cpuinfo
                0x0400fd54        0x8 common/built-in.o
 .text.display_text_info
                0x0400fd5c        0x8 common/built-in.o
 .text.setup_mon_len
                0x0400fd64       0x20 common/built-in.o
 .text.mach_cpu_init
                0x0400fd84        0x8 common/built-in.o
                0x0400fd84                mach_cpu_init
 .text.reserve_round_4k
                0x0400fd8c       0x18 common/built-in.o
 .text.reserve_mmu
                0x0400fda4       0x38 common/built-in.o
 .text.reserve_trace
                0x0400fddc        0x8 common/built-in.o
 .text.reserve_uboot
                0x0400fde4       0x30 common/built-in.o
 .text.reserve_malloc
                0x0400fe14       0x18 common/built-in.o
 .text.setup_machine
                0x0400fe2c        0x8 common/built-in.o
 .text.reserve_global_data
                0x0400fe34       0x1c common/built-in.o
 .text.reserve_fdt
                0x0400fe50        0x8 common/built-in.o
 .text.display_new_sp
                0x0400fe58        0x8 common/built-in.o
 .text.reloc_fdt
                0x0400fe60        0x8 common/built-in.o
 .text.initf_console_record
                0x0400fe68        0x8 common/built-in.o
 .text.reserve_arch
                0x0400fe70        0x8 common/built-in.o
                0x0400fe70                reserve_arch
 .text.arch_cpu_init_dm
                0x0400fe78        0x8 common/built-in.o
                0x0400fe78                arch_cpu_init_dm
 .text.announce_dram_init
                0x0400fe80       0x18 common/built-in.o
 .text.init_func_i2c
                0x0400fe98       0x28 common/built-in.o
 .text.init_baud_rate
                0x0400fec0       0x2c common/built-in.o
 .text.mark_bootstage
                0x0400feec       0x14 common/built-in.o
 .text.initf_dm
                0x0400ff00        0x8 common/built-in.o
 .text.setup_reloc
                0x0400ff08       0x34 common/built-in.o
 .text.reserve_board
                0x0400ff3c       0x38 common/built-in.o
 .text.coloured_LED_init
                0x0400ff74        0x4 common/built-in.o
                0x0400ff74                coloured_LED_init
 .text.red_led_on
                0x0400ff78        0x4 common/built-in.o
                0x0400ff78                red_led_on
 .text.board_add_ram_info
                0x0400ff7c        0x4 common/built-in.o
                0x0400ff7c                board_add_ram_info
 .text.show_dram_config
                0x0400ff80       0x38 common/built-in.o
 .text.setup_dram_config
                0x0400ffb8       0x10 common/built-in.o
 .text.board_get_usable_ram_top
                0x0400ffc8        0x8 common/built-in.o
                0x0400ffc8                board_get_usable_ram_top
 .text.board_reserve_ram_top
                0x0400ffd0        0x4 common/built-in.o
                0x0400ffd0                board_reserve_ram_top
 .text.setup_dest_addr
                0x0400ffd4       0x44 common/built-in.o
 .text.reserve_stacks
                0x04010018       0x1c common/built-in.o
 .text.board_init_f
                0x04010034       0x28 common/built-in.o
                0x04010034                board_init_f
 .text.bootstage_relocate
                0x0401005c        0x8 common/built-in.o
 .text.initr_trace
                0x04010064        0x8 common/built-in.o
 .text.initr_reloc
                0x0401006c       0x18 common/built-in.o
 .text.initr_barrier
                0x04010084        0x8 common/built-in.o
 .text.initr_console_record
                0x0401008c        0x8 common/built-in.o
 .text.power_init_board
                0x04010094        0x8 common/built-in.o
                0x04010094                power_init_board
 .text.initr_announce
                0x0401009c        0x8 common/built-in.o
 .text.run_main_loop
                0x040100a4        0xc common/built-in.o
 .text.initr_net
                0x040100b0       0x1c common/built-in.o
 .text.initr_ethaddr
                0x040100cc       0x20 common/built-in.o
 .text.initr_enable_interrupts
                0x040100ec       0x10 common/built-in.o
 .text.initr_jumptable
                0x040100fc       0x10 common/built-in.o
 .text.initr_env
                0x0401010c       0x64 common/built-in.o
 .text.initr_mmc
                0x04010170       0x20 common/built-in.o
 .text.initr_serial
                0x04010190       0x10 common/built-in.o
 .text.initr_bootstage
                0x040101a0       0x14 common/built-in.o
 .text.initr_dm
                0x040101b4       0x14 common/built-in.o
 .text.initr_malloc
                0x040101c8       0x24 common/built-in.o
 .text.initr_reloc_global_data
                0x040101ec       0x48 common/built-in.o
 .text.initr_caches
                0x04010234       0x10 common/built-in.o
 .text.cpu_secondary_init_r
                0x04010244        0x4 common/built-in.o
                0x04010244                cpu_secondary_init_r
 .text.initr_secondary_cpu
                0x04010248       0x10 common/built-in.o
 .text.board_init_r
                0x04010258       0x14 common/built-in.o
                0x04010258                board_init_r
 .text.show_board_info
                0x0401026c       0x38 common/built-in.o
                0x0401026c                show_board_info
 .text.bootm_find_images
                0x040102a4      0x100 common/built-in.o
                0x040102a4                bootm_find_images
 .text.bootm_decomp_image
                0x040103a4      0x150 common/built-in.o
                0x040103a4                bootm_decomp_image
 .text.bootm_disable_interrupts
                0x040104f4       0x18 common/built-in.o
                0x040104f4                bootm_disable_interrupts
 .text.do_bootm_states
                0x0401050c      0x8dc common/built-in.o
                0x0401050c                do_bootm_states
 .text.do_bootm_rtems
                0x04010de8       0x70 common/built-in.o
 .text.do_bootm_standalone
                0x04010e58       0x64 common/built-in.o
 .text.do_bootm_qnxelf
                0x04010ebc       0x8c common/built-in.o
 .text.do_bootm_plan9
                0x04010f48      0x100 common/built-in.o
 .text.do_bootvx_fdt
                0x04011048      0x118 common/built-in.o
                0x04011048                do_bootvx_fdt
 .text.do_bootm_vxworks
                0x04011160       0x54 common/built-in.o
 .text.arch_preboot_os
                0x040111b4        0x4 common/built-in.o
                0x040111b4                arch_preboot_os
 .text.boot_selected_os
                0x040111b8       0x58 common/built-in.o
                0x040111b8                boot_selected_os
 .text.bootm_os_get_boot_func
                0x04011210       0x10 common/built-in.o
                0x04011210                bootm_os_get_boot_func
 .text.regex_callback
                0x04011220      0x134 common/built-in.o
 .text.env_attr_walk
                0x04011354      0x11c common/built-in.o
                0x04011354                env_attr_walk
 .text.env_attr_lookup
                0x04011470       0x84 common/built-in.o
                0x04011470                env_attr_lookup
 .text.clear_callback
                0x040114f4       0x10 common/built-in.o
 .text.find_env_callback
                0x04011504       0x68 common/built-in.o
 .text.on_callbacks
                0x0401156c       0x50 common/built-in.o
 .text.set_callback
                0x040115bc       0x98 common/built-in.o
 .text.env_callback_init
                0x04011654       0xc4 common/built-in.o
                0x04011654                env_callback_init
 .text.skip_num
                0x04011718       0x70 common/built-in.o
 .text.clear_flags
                0x04011788       0x10 common/built-in.o
 .text.on_flags
                0x04011798       0x50 common/built-in.o
 .text.env_flags_parse_vartype
                0x040117e8       0x50 common/built-in.o
                0x040117e8                env_flags_parse_vartype
 .text.env_flags_parse_varaccess
                0x04011838       0x58 common/built-in.o
                0x04011838                env_flags_parse_varaccess
 .text.set_flags
                0x04011890       0xb0 common/built-in.o
 .text.eth_validate_ethaddr_str
                0x04011940       0x94 common/built-in.o
                0x04011940                eth_validate_ethaddr_str
 .text.env_flags_init
                0x040119d4       0xd8 common/built-in.o
                0x040119d4                env_flags_init
 .text.env_flags_validate
                0x04011aac      0x2b4 common/built-in.o
                0x04011aac                env_flags_validate
 .text.saveenv  0x04011d60       0xd8 common/built-in.o
                0x04011d60                saveenv
 .text.env_relocate_spec
                0x04011e38       0xcc common/built-in.o
                0x04011e38                env_relocate_spec
 .text.env_init
                0x04011f04       0x1c common/built-in.o
                0x04011f04                env_init
 .text.of_bus_default_map
                0x04011f20       0xdc common/built-in.o
 .text.of_bus_default_count_cells
                0x04011ffc       0x58 common/built-in.o
                0x04011ffc                of_bus_default_count_cells
 .text.of_bus_default_translate
                0x04012054       0xa0 common/built-in.o
 .text.fdt_find_and_setprop
                0x040120f4       0x70 common/built-in.o
                0x040120f4                fdt_find_and_setprop
 .text.fdt_find_or_add_subnode
                0x04012164       0x68 common/built-in.o
                0x04012164                fdt_find_or_add_subnode
 .text.fdt_root
                0x040121cc       0x90 common/built-in.o
                0x040121cc                fdt_root
 .text.fdt_initrd
                0x0401225c      0x1d4 common/built-in.o
                0x0401225c                fdt_initrd
 .text.fdt_chosen
                0x04012430       0xa8 common/built-in.o
                0x04012430                fdt_chosen
 .text.do_fixup_by_path
                0x040124d8       0x54 common/built-in.o
                0x040124d8                do_fixup_by_path
 .text.fdt_fixup_memory_banks
                0x0401252c      0x1b0 common/built-in.o
                0x0401252c                fdt_fixup_memory_banks
 .text.fdt_fixup_memory
                0x040126dc       0x20 common/built-in.o
                0x040126dc                fdt_fixup_memory
 .text.fdt_fixup_ethernet
                0x040126fc      0x190 common/built-in.o
                0x040126fc                fdt_fixup_ethernet
 .text.fdt_shrink_to_minimum
                0x0401288c       0xd4 common/built-in.o
                0x0401288c                fdt_shrink_to_minimum
 .text.fdt_translate_address
                0x04012960      0x29c common/built-in.o
                0x04012960                fdt_translate_address
 .text.miiphy_get_dev_by_name
                0x04012bfc       0x60 common/built-in.o
                0x04012bfc                miiphy_get_dev_by_name
 .text.miiphy_init
                0x04012c5c       0x24 common/built-in.o
                0x04012c5c                miiphy_init
 .text.mdio_alloc
                0x04012c80       0x30 common/built-in.o
                0x04012c80                mdio_alloc
 .text.mdio_free
                0x04012cb0        0x4 common/built-in.o
                0x04012cb0                mdio_free
 .text.mdio_register
                0x04012cb4       0xa0 common/built-in.o
                0x04012cb4                mdio_register
 .text.mdio_register_seq
                0x04012d54       0x34 common/built-in.o
                0x04012d54                mdio_register_seq
 .text.mdio_unregister
                0x04012d88       0x3c common/built-in.o
                0x04012d88                mdio_unregister
 .text.mdio_list_devices
                0x04012dc4       0x9c common/built-in.o
                0x04012dc4                mdio_list_devices
 .text.miiphy_set_current_dev
                0x04012e60       0x40 common/built-in.o
                0x04012e60                miiphy_set_current_dev
 .text.miiphy_get_active_dev
                0x04012ea0       0x54 common/built-in.o
 .text.mdio_get_current_dev
                0x04012ef4       0x10 common/built-in.o
                0x04012ef4                mdio_get_current_dev
 .text.mdio_phydev_for_ethname
                0x04012f04       0x8c common/built-in.o
                0x04012f04                mdio_phydev_for_ethname
 .text.miiphy_get_current_dev
                0x04012f90       0x18 common/built-in.o
                0x04012f90                miiphy_get_current_dev
 .text.miiphy_read
                0x04012fa8       0x4c common/built-in.o
                0x04012fa8                miiphy_read
 .text.miiphy_write
                0x04012ff4       0x40 common/built-in.o
                0x04012ff4                miiphy_write
 .text.miiphy_listdev
                0x04013034       0x74 common/built-in.o
                0x04013034                miiphy_listdev
 .text.miiphy_info
                0x040130a8       0x88 common/built-in.o
                0x040130a8                miiphy_info
 .text.miiphy_speed
                0x04013130       0xc8 common/built-in.o
                0x04013130                miiphy_speed
 .text.miiphy_duplex
                0x040131f8       0xc0 common/built-in.o
                0x040131f8                miiphy_duplex
 .text.miiphy_is_1000base_x
                0x040132b8        0x8 common/built-in.o
                0x040132b8                miiphy_is_1000base_x
 .text.usb_set_maxpacket_ep
                0x040132c0       0x70 common/built-in.o
 .text.usb_control_msg
                0x04013330       0x9c common/built-in.o
                0x04013330                usb_control_msg
 .text.usb_get_descriptor
                0x040133cc       0x54 common/built-in.o
 .text.get_descriptor_len
                0x04013420       0x90 common/built-in.o
 .text.usb_get_string
                0x040134b0       0x6c common/built-in.o
 .text.usb_string_sub
                0x0401351c      0x108 common/built-in.o
 .text.usb_bulk_msg
                0x04013624       0x78 common/built-in.o
                0x04013624                usb_bulk_msg
 .text.usb_maxpacket
                0x0401369c       0x1c common/built-in.o
                0x0401369c                usb_maxpacket
 .text.usb_clear_halt
                0x040136b8       0x8c common/built-in.o
                0x040136b8                usb_clear_halt
 .text.usb_get_configuration_len
                0x04013744       0x74 common/built-in.o
                0x04013744                usb_get_configuration_len
 .text.usb_get_configuration_no
                0x040137b8       0x34 common/built-in.o
                0x040137b8                usb_get_configuration_no
 .text.usb_set_interface
                0x040137ec       0xbc common/built-in.o
                0x040137ec                usb_set_interface
 .text.usb_string
                0x040138a8      0x104 common/built-in.o
                0x040138a8                usb_string
 .text.usb_select_config
                0x040139ac      0x478 common/built-in.o
                0x040139ac                usb_select_config
 .text.usb_setup_device
                0x04013e24      0x188 common/built-in.o
                0x04013e24                usb_setup_device
 .text.board_usb_init
                0x04013fac        0x8 common/built-in.o
                0x04013fac                board_usb_init
 .text.board_usb_cleanup
                0x04013fb4        0x8 common/built-in.o
                0x04013fb4                board_usb_cleanup
 .text.usb_device_has_child_on_port
                0x04013fbc        0x8 common/built-in.o
                0x04013fbc                usb_device_has_child_on_port
 .text.usb_find_usb2_hub_address_port
                0x04013fc4       0x78 common/built-in.o
                0x04013fc4                usb_find_usb2_hub_address_port
 .text.usb_set_port_feature
                0x0401403c       0x4c common/built-in.o
 .text.usb_clear_port_feature
                0x04014088       0x4c common/built-in.o
 .text.usb_get_hub_descriptor
                0x040140d4       0x4c common/built-in.o
 .text.usb_hub_reset_devices
                0x04014120        0x4 common/built-in.o
                0x04014120                usb_hub_reset_devices
 .text.usb_get_port_status
                0x04014124       0x4c common/built-in.o
                0x04014124                usb_get_port_status
 .text.usb_hub_reset
                0x04014170       0x20 common/built-in.o
                0x04014170                usb_hub_reset
 .text.legacy_hub_port_reset
                0x04014190       0x9c common/built-in.o
                0x04014190                legacy_hub_port_reset
 .text.usb_hub_port_connect_change
                0x0401422c      0x118 common/built-in.o
                0x0401422c                usb_hub_port_connect_change
 .text.usb_hub_configure
                0x04014344      0x4d4 common/built-in.o
 .text.usb_hub_scan
                0x04014818       0x10 common/built-in.o
                0x04014818                usb_hub_scan
 .text.usb_hub_post_probe
                0x04014828        0x4 common/built-in.o
 .text.usb_stor_irq
                0x0401482c       0x1c common/built-in.o
 .text.usb_stor_BBB_reset
                0x04014848       0xcc common/built-in.o
 .text.usb_stor_CB_reset
                0x04014914       0xcc common/built-in.o
 .text.usb_stor_BBB_clear_endpt_stall.isra.0
                0x040149e0       0x40 common/built-in.o
 .text.usb_stor_BBB_transport
                0x04014a20      0x25c common/built-in.o
 .text.usb_stor_CB_comdat
                0x04014c7c      0x1f8 common/built-in.o
 .text.usb_stor_CBI_get_status.isra.2
                0x04014e74       0xc8 common/built-in.o
 .text.usb_stor_CB_transport
                0x04014f3c      0x228 common/built-in.o
 .text.usb_request_sense.constprop.10
                0x04015164       0x70 common/built-in.o
 .text.usb_stor_read
                0x040151d4      0x168 common/built-in.o
 .text.usb_stor_write
                0x0401533c      0x168 common/built-in.o
 .text.usb_stor_info
                0x040154a4       0x70 common/built-in.o
                0x040154a4                usb_stor_info
 .text.usb_stor_reset
                0x04015514       0x14 common/built-in.o
                0x04015514                usb_stor_reset
 .text.usb_stor_scan
                0x04015528       0x48 common/built-in.o
                0x04015528                usb_stor_scan
 .text.usb_storage_probe
                0x04015570      0x210 common/built-in.o
                0x04015570                usb_storage_probe
 .text.usb_stor_get_info
                0x04015780      0x318 common/built-in.o
                0x04015780                usb_stor_get_info
 .text.usb_mass_storage_probe
                0x04015a98      0x17c common/built-in.o
 .text.env_get_char_spec
                0x04015c14        0xc common/built-in.o
                0x04015c14                env_get_char_spec
 .text.env_get_addr
                0x04015c20       0x20 common/built-in.o
                0x04015c20                env_get_addr
 .text.env_get_char_memory
                0x04015c40       0x10 common/built-in.o
                0x04015c40                env_get_char_memory
 .text.env_get_char
                0x04015c50       0x30 common/built-in.o
                0x04015c50                env_get_char
 .text.getenv_yesno
                0x04015c80       0x40 common/built-in.o
                0x04015c80                getenv_yesno
 .text.getenv_default
                0x04015cc0       0x30 common/built-in.o
                0x04015cc0                getenv_default
 .text.set_default_env
                0x04015cf0       0xcc common/built-in.o
                0x04015cf0                set_default_env
 .text.set_default_vars
                0x04015dbc       0x3c common/built-in.o
                0x04015dbc                set_default_vars
 .text.env_import
                0x04015df8       0xe4 common/built-in.o
                0x04015df8                env_import
 .text.env_export
                0x04015edc       0xa4 common/built-in.o
                0x04015edc                env_export
 .text.env_relocate
                0x04015f80       0x30 common/built-in.o
                0x04015f80                env_relocate
 .text.env_complete
                0x04015fb0       0xdc common/built-in.o
                0x04015fb0                env_complete
 .text.console_setfile
                0x0401608c       0xc0 common/built-in.o
 .text.puts     0x0401614c       0x78 common/built-in.o
                0x0401614c                puts
 .text.putc     0x040161c4       0x50 common/built-in.o
                0x040161c4                putc
 .text.fgetc    0x04016214       0x24 common/built-in.o
                0x04016214                fgetc
 .text.getc     0x04016238       0x24 common/built-in.o
                0x04016238                getc
 .text.ftstc    0x0401625c       0x24 common/built-in.o
                0x0401625c                ftstc
 .text.tstc     0x04016280       0x24 common/built-in.o
                0x04016280                tstc
 .text.ctrlc    0x040162a4       0x58 common/built-in.o
                0x040162a4                ctrlc
 .text.disable_ctrlc
                0x040162fc       0x18 common/built-in.o
                0x040162fc                disable_ctrlc
 .text.had_ctrlc
                0x04016314       0x10 common/built-in.o
                0x04016314                had_ctrlc
 .text.clear_ctrlc
                0x04016324       0x14 common/built-in.o
                0x04016324                clear_ctrlc
 .text.search_device
                0x04016338       0x28 common/built-in.o
                0x04016338                search_device
 .text.console_assign
                0x04016360       0x48 common/built-in.o
                0x04016360                console_assign
 .text.on_console
                0x040163a8       0xc0 common/built-in.o
 .text.console_init_f
                0x04016468       0x10 common/built-in.o
                0x04016468                console_init_f
 .text.stdio_print_current_devices
                0x04016478       0xb0 common/built-in.o
                0x04016478                stdio_print_current_devices
 .text.console_init_r
                0x04016528       0xe0 common/built-in.o
                0x04016528                console_init_r
 .text.sbrk     0x04016608       0x70 common/built-in.o
                0x04016608                sbrk
 .text.mem_malloc_init
                0x04016678       0x34 common/built-in.o
                0x04016678                mem_malloc_init
 .text.malloc_trim
                0x040166ac       0xcc common/built-in.o
                0x040166ac                malloc_trim
 .text.free     0x04016778      0x248 common/built-in.o
                0x04016778                free
 .text.malloc   0x040169c0      0x61c common/built-in.o
                0x040169c0                malloc
 .text.calloc   0x04016fdc      0x148 common/built-in.o
                0x04016fdc                calloc
 .text.realloc  0x04017124      0x438 common/built-in.o
                0x04017124                realloc
 .text.memalign
                0x0401755c      0x170 common/built-in.o
                0x0401755c                memalign
 .text.initf_malloc
                0x040176cc       0x18 common/built-in.o
                0x040176cc                initf_malloc
 .text.malloc_simple
                0x040176e4       0x30 common/built-in.o
                0x040176e4                malloc_simple
 .text.on_loadaddr
                0x04017714       0x38 common/built-in.o
 .text.image_check_hcrc
                0x0401774c       0x4c common/built-in.o
                0x0401774c                image_check_hcrc
 .text.image_check_dcrc
                0x04017798       0x38 common/built-in.o
                0x04017798                image_check_dcrc
 .text.image_multi_count
                0x040177d0       0x1c common/built-in.o
                0x040177d0                image_multi_count
 .text.image_multi_getimg
                0x040177ec       0x7c common/built-in.o
                0x040177ec                image_multi_getimg
 .text.getenv_bootm_low
                0x04017868       0x34 common/built-in.o
                0x04017868                getenv_bootm_low
 .text.getenv_bootm_size
                0x0401789c       0x68 common/built-in.o
                0x0401789c                getenv_bootm_size
 .text.getenv_bootm_mapsize
                0x04017904       0x30 common/built-in.o
                0x04017904                getenv_bootm_mapsize
 .text.memmove_wd
                0x04017934        0xc common/built-in.o
                0x04017934                memmove_wd
 .text.genimg_print_size
                0x04017940       0x30 common/built-in.o
                0x04017940                genimg_print_size
 .text.get_table_entry
                0x04017970       0x24 common/built-in.o
                0x04017970                get_table_entry
 .text.get_table_entry_name
                0x04017994       0x20 common/built-in.o
                0x04017994                get_table_entry_name
 .text.genimg_get_os_name
                0x040179b4       0x18 common/built-in.o
                0x040179b4                genimg_get_os_name
 .text.genimg_get_arch_name
                0x040179cc       0x18 common/built-in.o
                0x040179cc                genimg_get_arch_name
 .text.genimg_get_type_name
                0x040179e4       0x18 common/built-in.o
                0x040179e4                genimg_get_type_name
 .text.genimg_get_comp_name
                0x040179fc       0x18 common/built-in.o
                0x040179fc                genimg_get_comp_name
 .text.image_print_contents
                0x04017a14      0x1a4 common/built-in.o
                0x04017a14                image_print_contents
 .text.get_table_entry_id
                0x04017bb8       0x4c common/built-in.o
                0x04017bb8                get_table_entry_id
 .text.genimg_get_os_id
                0x04017c04       0x18 common/built-in.o
                0x04017c04                genimg_get_os_id
 .text.genimg_get_arch_id
                0x04017c1c       0x18 common/built-in.o
                0x04017c1c                genimg_get_arch_id
 .text.genimg_get_type_id
                0x04017c34       0x18 common/built-in.o
                0x04017c34                genimg_get_type_id
 .text.genimg_get_comp_id
                0x04017c4c       0x18 common/built-in.o
                0x04017c4c                genimg_get_comp_id
 .text.genimg_get_kernel_addr_fit
                0x04017c64       0x70 common/built-in.o
                0x04017c64                genimg_get_kernel_addr_fit
 .text.genimg_get_format
                0x04017cd4       0x34 common/built-in.o
                0x04017cd4                genimg_get_format
 .text.genimg_get_image
                0x04017d08        0x4 common/built-in.o
                0x04017d08                genimg_get_image
 .text.genimg_has_config
                0x04017d0c       0x10 common/built-in.o
                0x04017d0c                genimg_has_config
 .text.boot_get_ramdisk
                0x04017d1c      0x33c common/built-in.o
                0x04017d1c                boot_get_ramdisk
 .text.boot_ramdisk_high
                0x04018058      0x12c common/built-in.o
                0x04018058                boot_ramdisk_high
 .text.boot_get_setup
                0x04018184        0x4 common/built-in.o
                0x04018184                boot_get_setup
 .text.boot_get_fpga
                0x04018188      0x16c common/built-in.o
                0x04018188                boot_get_fpga
 .text.boot_get_loadable
                0x040182f4      0x17c common/built-in.o
                0x040182f4                boot_get_loadable
 .text.image_setup_linux
                0x04018470       0x8c common/built-in.o
                0x04018470                image_setup_linux
 .text.fdt_error
                0x040184fc       0x2c common/built-in.o
 .text.boot_fdt_add_mem_rsv_regions
                0x04018528       0x88 common/built-in.o
                0x04018528                boot_fdt_add_mem_rsv_regions
 .text.boot_relocate_fdt
                0x040185b0      0x194 common/built-in.o
                0x040185b0                boot_relocate_fdt
 .text.boot_get_fdt
                0x04018744      0x3dc common/built-in.o
                0x04018744                boot_get_fdt
 .text.ft_verify_fdt
                0x04018b20        0x8 common/built-in.o
                0x04018b20                ft_verify_fdt
 .text.image_setup_libfdt
                0x04018b28      0x114 common/built-in.o
                0x04018b28                image_setup_libfdt
 .text.fit_image_get_address
                0x04018c3c       0x6c common/built-in.o
 .text.fit_parse_conf
                0x04018ca8       0x64 common/built-in.o
                0x04018ca8                fit_parse_conf
 .text.fit_parse_subimage
                0x04018d0c       0x64 common/built-in.o
                0x04018d0c                fit_parse_subimage
 .text.fit_get_desc
                0x04018d70       0x30 common/built-in.o
                0x04018d70                fit_get_desc
 .text.fit_image_get_node
                0x04018da0       0x30 common/built-in.o
                0x04018da0                fit_image_get_node
 .text.fit_image_get_os
                0x04018dd0       0x3c common/built-in.o
                0x04018dd0                fit_image_get_os
 .text.fit_image_get_arch
                0x04018e0c       0x3c common/built-in.o
                0x04018e0c                fit_image_get_arch
 .text.fit_image_get_type
                0x04018e48       0x3c common/built-in.o
                0x04018e48                fit_image_get_type
 .text.fit_image_get_comp
                0x04018e84       0x3c common/built-in.o
                0x04018e84                fit_image_get_comp
 .text.fit_image_get_load
                0x04018ec0       0x10 common/built-in.o
                0x04018ec0                fit_image_get_load
 .text.fit_image_get_entry
                0x04018ed0       0x10 common/built-in.o
                0x04018ed0                fit_image_get_entry
 .text.fit_image_get_data
                0x04018ee0       0x40 common/built-in.o
                0x04018ee0                fit_image_get_data
 .text.fit_image_hash_get_algo
                0x04018f20       0x30 common/built-in.o
                0x04018f20                fit_image_hash_get_algo
 .text.fit_image_hash_get_value
                0x04018f50       0x40 common/built-in.o
                0x04018f50                fit_image_hash_get_value
 .text.fit_image_print_data
                0x04018f90      0x140 common/built-in.o
 .text.fit_image_print
                0x040190d0      0x350 common/built-in.o
                0x040190d0                fit_image_print
 .text.fit_get_end
                0x04019420       0x10 common/built-in.o
                0x04019420                fit_get_end
 .text.calculate_hash
                0x04019430       0xfc common/built-in.o
                0x04019430                calculate_hash
 .text.fit_image_verify
                0x0401952c      0x2c0 common/built-in.o
                0x0401952c                fit_image_verify
 .text.fit_all_image_verify
                0x040197ec       0xe0 common/built-in.o
                0x040197ec                fit_all_image_verify
 .text.fit_image_check_os
                0x040198cc       0x30 common/built-in.o
                0x040198cc                fit_image_check_os
 .text.fit_image_check_arch
                0x040198fc       0x44 common/built-in.o
                0x040198fc                fit_image_check_arch
 .text.fit_image_check_type
                0x04019940       0x30 common/built-in.o
                0x04019940                fit_image_check_type
 .text.fit_image_check_comp
                0x04019970       0x30 common/built-in.o
                0x04019970                fit_image_check_comp
 .text.fit_check_format
                0x040199a0       0x40 common/built-in.o
                0x040199a0                fit_check_format
 .text.fit_conf_get_node
                0x040199e0       0x68 common/built-in.o
                0x040199e0                fit_conf_get_node
 .text.fit_conf_get_prop_node
                0x04019a48       0x2c common/built-in.o
                0x04019a48                fit_conf_get_prop_node
 .text.fit_conf_print
                0x04019a74      0x194 common/built-in.o
                0x04019a74                fit_conf_print
 .text.fit_print_contents
                0x04019c08      0x1dc common/built-in.o
                0x04019c08                fit_print_contents
 .text.fit_get_node_from_config
                0x04019de4       0x44 common/built-in.o
                0x04019de4                fit_get_node_from_config
 .text.fit_image_load
                0x04019e28      0x5c8 common/built-in.o
                0x04019e28                fit_image_load
 .text.boot_get_setup_fit
                0x0401a3f0       0x6c common/built-in.o
                0x0401a3f0                boot_get_setup_fit
 .text.rsa_sign
                0x0401a45c        0x8 common/built-in.o
 .text.rsa_add_verify_data
                0x0401a464        0x8 common/built-in.o
 .text.image_get_checksum_algo
                0x0401a46c       0x74 common/built-in.o
                0x0401a46c                image_get_checksum_algo
 .text.image_get_crypto_algo
                0x0401a4e0       0x60 common/built-in.o
                0x0401a4e0                image_get_crypto_algo
 .text.fit_image_setup_verify
                0x0401a540       0xd8 common/built-in.o
 .text.fit_region_make_list
                0x0401a618       0x68 common/built-in.o
                0x0401a618                fit_region_make_list
 .text.fit_image_check_sig
                0x0401a680       0xb4 common/built-in.o
                0x0401a680                fit_image_check_sig
 .text.fit_image_verify_required_sigs
                0x0401a734      0x210 common/built-in.o
                0x0401a734                fit_image_verify_required_sigs
 .text.fit_config_check_sig
                0x0401a944      0x27c common/built-in.o
                0x0401a944                fit_config_check_sig
 .text.fit_config_verify_required_sigs
                0x0401abc0      0x1c8 common/built-in.o
                0x0401abc0                fit_config_verify_required_sigs
 .text.fit_config_verify
                0x0401ad88        0x8 common/built-in.o
                0x0401ad88                fit_config_verify
 .text.get_effective_memsize
                0x0401ad90        0x8 common/built-in.o
                0x0401ad90                get_effective_memsize
 .text.stdio_serial_tstc
                0x0401ad98        0x4 common/built-in.o
 .text.stdio_serial_getc
                0x0401ad9c        0x4 common/built-in.o
 .text.stdio_serial_puts
                0x0401ada0        0x8 common/built-in.o
 .text.stdio_serial_putc
                0x0401ada8        0x8 common/built-in.o
 .text.stdio_get_list
                0x0401adb0        0xc common/built-in.o
                0x0401adb0                stdio_get_list
 .text.stdio_get_by_name
                0x0401adbc       0x5c common/built-in.o
                0x0401adbc                stdio_get_by_name
 .text.stdio_clone
                0x0401ae18       0x38 common/built-in.o
                0x0401ae18                stdio_clone
 .text.stdio_register_dev
                0x0401ae50       0x50 common/built-in.o
                0x0401ae50                stdio_register_dev
 .text.stdio_register
                0x0401aea0        0x8 common/built-in.o
                0x0401aea0                stdio_register
 .text.stdio_init_tables
                0x0401aea8       0x1c common/built-in.o
                0x0401aea8                stdio_init_tables
 .text.stdio_add_devices
                0x0401aec4       0x7c common/built-in.o
                0x0401aec4                stdio_add_devices
 .text.run_command
                0x0401af40       0x10 common/built-in.o
                0x0401af40                run_command
 .text.run_command_list
                0x0401af50       0x7c common/built-in.o
                0x0401af50                run_command_list
 .text.do_run   0x0401afcc       0x78 common/built-in.o
                0x0401afcc                do_run
 .text.cli_process_fdt
                0x0401b044       0x40 common/built-in.o
                0x0401b044                cli_process_fdt
 .text.cli_secure_boot_cmd
                0x0401b084       0x78 common/built-in.o
                0x0401b084                cli_secure_boot_cmd
 .text.cli_loop
                0x0401b0fc        0xc common/built-in.o
                0x0401b0fc                cli_loop
 .text.cli_init
                0x0401b108        0x4 common/built-in.o
                0x0401b108                cli_init
 .text.delete_char.part.0
                0x0401b10c       0xd0 common/built-in.o
 .text.cread_add_char
                0x0401b1dc       0xe8 common/built-in.o
 .text.cli_readline_into_buffer
                0x0401b2c4      0xa64 common/built-in.o
                0x0401b2c4                cli_readline_into_buffer
 .text.cli_readline
                0x0401bd28       0x14 common/built-in.o
                0x0401bd28                cli_readline
 .text.run_usb_dnl_gadget
                0x0401bd3c      0x148 common/built-in.o
                0x0401bd3c                run_usb_dnl_gadget
 .text.find_cmd_tbl
                0x0401be84       0xa4 common/built-in.o
                0x0401be84                find_cmd_tbl
 .text.find_cmd
                0x0401bf28       0x28 common/built-in.o
                0x0401bf28                find_cmd
 .text.cmd_usage
                0x0401bf50       0x5c common/built-in.o
                0x0401bf50                cmd_usage
 .text._do_help
                0x0401bfac      0x178 common/built-in.o
                0x0401bfac                _do_help
 .text.var_complete
                0x0401c124       0x7c common/built-in.o
                0x0401c124                var_complete
 .text.cmd_auto_complete
                0x0401c1a0      0x4b4 common/built-in.o
                0x0401c1a0                cmd_auto_complete
 .text.cmd_get_data_size
                0x0401c654       0x5c common/built-in.o
                0x0401c654                cmd_get_data_size
 .text.cmd_process
                0x0401c6b0       0xf4 common/built-in.o
                0x0401c6b0                cmd_process
 .text.cmd_process_error
                0x0401c7a4       0x34 common/built-in.o
                0x0401c7a4                cmd_process_error
 .text.hex1_bin
                0x0401c7d8       0x40 common/built-in.o
 .text.hex2_bin
                0x0401c818       0x38 common/built-in.o
 .text.srec_decode
                0x0401c850      0x254 common/built-in.o
                0x0401c850                srec_decode
 .text.CYGACC_COMM_IF_GETC_TIMEOUT.isra.0
                0x0401caa4       0x4c common/built-in.o
 .text.xyzModem_flush
                0x0401caf0       0x1c common/built-in.o
 .text.xyzModem_get_hdr
                0x0401cb0c      0x234 common/built-in.o
 .text.xyzModem_stream_open
                0x0401cd40      0x23c common/built-in.o
                0x0401cd40                xyzModem_stream_open
 .text.xyzModem_stream_read
                0x0401cf7c      0x258 common/built-in.o
                0x0401cf7c                xyzModem_stream_read
 .text.xyzModem_stream_close
                0x0401d1d4       0x54 common/built-in.o
                0x0401d1d4                xyzModem_stream_close
 .text.xyzModem_stream_terminate
                0x0401d228       0x94 common/built-in.o
                0x0401d228                xyzModem_stream_terminate
 .text.xyzModem_error
                0x0401d2bc       0x20 common/built-in.o
                0x0401d2bc                xyzModem_error
 .text.blk_get_dev
                0x0401d2dc       0x30 disk/built-in.o
                0x0401d2dc                blk_get_dev
 .text.dev_print
                0x0401d30c      0x204 disk/built-in.o
                0x0401d30c                dev_print
 .text.part_init
                0x0401d510       0x54 disk/built-in.o
                0x0401d510                part_init
 .text.part_print
                0x0401d564      0x134 disk/built-in.o
                0x0401d564                part_print
 .text.part_get_info
                0x0401d698       0x70 disk/built-in.o
                0x0401d698                part_get_info
 .text.blk_get_device_by_str
                0x0401d708      0x150 disk/built-in.o
                0x0401d708                blk_get_device_by_str
 .text.blk_get_device_part_str
                0x0401d858      0x3fc disk/built-in.o
                0x0401d858                blk_get_device_part_str
 .text.part_set_generic_name
                0x0401dc54       0x4c disk/built-in.o
                0x0401dc54                part_set_generic_name
 .text.test_block_type
                0x0401dca0       0x84 disk/built-in.o
 .text.print_partition_extended
                0x0401dd24      0x26c disk/built-in.o
 .text.part_print_dos
                0x0401df90       0x34 disk/built-in.o
                0x0401df90                part_print_dos
 .text.part_test_dos
                0x0401dfc4       0x5c disk/built-in.o
 .text.part_get_info_extended.constprop.2
                0x0401e020      0x264 disk/built-in.o
 .text.part_get_info_dos
                0x0401e284       0x20 disk/built-in.o
                0x0401e284                part_get_info_dos
 .text.device_bind_common.isra.5
                0x0401e2a4      0x348 drivers/built-in.o
 .text.alloc_priv
                0x0401e5ec       0x4c drivers/built-in.o
 .text.device_bind_with_driver_data
                0x0401e638       0x28 drivers/built-in.o
                0x0401e638                device_bind_with_driver_data
 .text.device_bind
                0x0401e660       0x28 drivers/built-in.o
                0x0401e660                device_bind
 .text.device_bind_by_name
                0x0401e688       0x68 drivers/built-in.o
                0x0401e688                device_bind_by_name
 .text.device_probe
                0x0401e6f0      0x234 drivers/built-in.o
                0x0401e6f0                device_probe
 .text.dev_get_platdata
                0x0401e924       0x34 drivers/built-in.o
                0x0401e924                dev_get_platdata
 .text.dev_get_parent_platdata
                0x0401e958       0x34 drivers/built-in.o
                0x0401e958                dev_get_parent_platdata
 .text.dev_get_uclass_platdata
                0x0401e98c       0x34 drivers/built-in.o
                0x0401e98c                dev_get_uclass_platdata
 .text.dev_get_priv
                0x0401e9c0       0x34 drivers/built-in.o
                0x0401e9c0                dev_get_priv
 .text.dev_get_uclass_priv
                0x0401e9f4       0x34 drivers/built-in.o
                0x0401e9f4                dev_get_uclass_priv
 .text.dev_get_parent_priv
                0x0401ea28       0x34 drivers/built-in.o
                0x0401ea28                dev_get_parent_priv
 .text.device_find_first_child
                0x0401ea5c       0x1c drivers/built-in.o
                0x0401ea5c                device_find_first_child
 .text.device_find_next_child
                0x0401ea78       0x28 drivers/built-in.o
                0x0401ea78                device_find_next_child
 .text.dev_get_parent
                0x0401eaa0        0x8 drivers/built-in.o
                0x0401eaa0                dev_get_parent
 .text.device_get_uclass_id
                0x0401eaa8       0x10 drivers/built-in.o
                0x0401eaa8                device_get_uclass_id
 .text.dev_get_addr_index
                0x0401eab8       0xac drivers/built-in.o
                0x0401eab8                dev_get_addr_index
 .text.dev_get_addr
                0x0401eb64        0x8 drivers/built-in.o
                0x0401eb64                dev_get_addr
 .text.dev_get_addr_ptr
                0x0401eb6c        0x8 drivers/built-in.o
                0x0401eb6c                dev_get_addr_ptr
 .text.device_has_active_children
                0x0401eb74       0x3c drivers/built-in.o
                0x0401eb74                device_has_active_children
 .text.device_is_last_sibling
                0x0401ebb0       0x24 drivers/built-in.o
                0x0401ebb0                device_is_last_sibling
 .text.device_set_name_alloced
                0x0401ebd4       0x10 drivers/built-in.o
                0x0401ebd4                device_set_name_alloced
 .text.lists_driver_lookup_name
                0x0401ebe4       0x4c drivers/built-in.o
                0x0401ebe4                lists_driver_lookup_name
 .text.lists_uclass_lookup
                0x0401ec30       0x3c drivers/built-in.o
                0x0401ec30                lists_uclass_lookup
 .text.lists_bind_drivers
                0x0401ec6c       0x88 drivers/built-in.o
                0x0401ec6c                lists_bind_drivers
 .text.device_bind_driver_to_node
                0x0401ecf4       0x48 drivers/built-in.o
                0x0401ecf4                device_bind_driver_to_node
 .text.device_bind_driver
                0x0401ed3c       0x18 drivers/built-in.o
                0x0401ed3c                device_bind_driver
 .text.lists_bind_fdt
                0x0401ed54      0x190 drivers/built-in.o
                0x0401ed54                lists_bind_fdt
 .text.dm_root  0x0401eee4       0x28 drivers/built-in.o
                0x0401eee4                dm_root
 .text.dm_get_translation_offset
                0x0401ef0c       0x14 drivers/built-in.o
                0x0401ef0c                dm_get_translation_offset
 .text.dm_init  0x0401ef20       0x64 drivers/built-in.o
                0x0401ef20                dm_init
 .text.dm_scan_platdata
                0x0401ef84       0x2c drivers/built-in.o
                0x0401ef84                dm_scan_platdata
 .text.dm_scan_fdt_node
                0x0401efb0       0xc8 drivers/built-in.o
                0x0401efb0                dm_scan_fdt_node
 .text.dm_scan_fdt_dev
                0x0401f078       0x28 drivers/built-in.o
                0x0401f078                dm_scan_fdt_dev
 .text.dm_scan_fdt
                0x0401f0a0       0x18 drivers/built-in.o
                0x0401f0a0                dm_scan_fdt
 .text.dm_scan_other
                0x0401f0b8        0x8 drivers/built-in.o
                0x0401f0b8                dm_scan_other
 .text.dm_init_and_scan
                0x0401f0c0       0x44 drivers/built-in.o
                0x0401f0c0                dm_init_and_scan
 .text.uclass_find
                0x0401f104       0x4c drivers/built-in.o
                0x0401f104                uclass_find
 .text.uclass_get
                0x0401f150      0x124 drivers/built-in.o
                0x0401f150                uclass_get
 .text.uclass_find_device
                0x0401f274       0x74 drivers/built-in.o
                0x0401f274                uclass_find_device
 .text.uclass_find_first_device
                0x0401f2e8       0x3c drivers/built-in.o
                0x0401f2e8                uclass_find_first_device
 .text.uclass_find_next_device
                0x0401f324       0x2c drivers/built-in.o
                0x0401f324                uclass_find_next_device
 .text.uclass_find_device_by_seq
                0x0401f350       0x7c drivers/built-in.o
                0x0401f350                uclass_find_device_by_seq
 .text.uclass_find_device_by_of_offset
                0x0401f3cc       0x6c drivers/built-in.o
                0x0401f3cc                uclass_find_device_by_of_offset
 .text.uclass_get_device_tail
                0x0401f438       0x2c drivers/built-in.o
                0x0401f438                uclass_get_device_tail
 .text.uclass_get_device
                0x0401f464       0x30 drivers/built-in.o
                0x0401f464                uclass_get_device
 .text.uclass_get_device_by_seq
                0x0401f494       0x58 drivers/built-in.o
                0x0401f494                uclass_get_device_by_seq
 .text.uclass_get_device_by_of_offset
                0x0401f4ec       0x30 drivers/built-in.o
                0x0401f4ec                uclass_get_device_by_of_offset
 .text.uclass_first_device
                0x0401f51c       0x38 drivers/built-in.o
                0x0401f51c                uclass_first_device
 .text.uclass_next_device
                0x0401f554       0x40 drivers/built-in.o
                0x0401f554                uclass_next_device
 .text.uclass_bind_device
                0x0401f594       0x7c drivers/built-in.o
                0x0401f594                uclass_bind_device
 .text.uclass_unbind_device
                0x0401f610       0x50 drivers/built-in.o
                0x0401f610                uclass_unbind_device
 .text.uclass_resolve_seq
                0x0401f660       0xb0 drivers/built-in.o
                0x0401f660                uclass_resolve_seq
 .text.uclass_pre_probe_device
                0x0401f710       0x64 drivers/built-in.o
                0x0401f710                uclass_pre_probe_device
 .text.uclass_post_probe_device
                0x0401f774       0x20 drivers/built-in.o
                0x0401f774                uclass_post_probe_device
 .text.uclass_pre_remove_device
                0x0401f794       0x20 drivers/built-in.o
                0x0401f794                uclass_pre_remove_device
 .text.dm_warn  0x0401f7b4       0x28 drivers/built-in.o
                0x0401f7b4                dm_warn
 .text.device_unbind
                0x0401f7dc      0x150 drivers/built-in.o
                0x0401f7dc                device_unbind
 .text.device_free
                0x0401f92c       0x90 drivers/built-in.o
                0x0401f92c                device_free
 .text.device_remove
                0x0401f9bc      0x138 drivers/built-in.o
                0x0401f9bc                device_remove
 .text.simple_bus_post_bind
                0x0401faf4       0x64 drivers/built-in.o
 .text.show_devices
                0x0401fb58       0xfc drivers/built-in.o
 .text.dm_dump_all
                0x0401fc54       0x3c drivers/built-in.o
                0x0401fc54                dm_dump_all
 .text.dm_dump_uclass
                0x0401fc90       0xdc drivers/built-in.o
                0x0401fc90                dm_dump_uclass
 .text.blk_get_devnum_by_typename
                0x0401fd6c       0xec drivers/built-in.o
                0x0401fd6c                blk_get_devnum_by_typename
 .text.blk_select_hwpart
                0x0401fe58       0x30 drivers/built-in.o
                0x0401fe58                blk_select_hwpart
 .text.blk_dselect_hwpart
                0x0401fe88        0x8 drivers/built-in.o
                0x0401fe88                blk_dselect_hwpart
 .text.blk_first_device
                0x0401fe90       0x58 drivers/built-in.o
                0x0401fe90                blk_first_device
 .text.blk_next_device
                0x0401fee8       0x50 drivers/built-in.o
                0x0401fee8                blk_next_device
 .text.blk_get_device
                0x0401ff38       0x88 drivers/built-in.o
                0x0401ff38                blk_get_device
 .text.blk_get_devnum_by_type
                0x0401ffc0       0x28 drivers/built-in.o
                0x0401ffc0                blk_get_devnum_by_type
 .text.blk_select_hwpart_devnum
                0x0401ffe8       0x2c drivers/built-in.o
                0x0401ffe8                blk_select_hwpart_devnum
 .text.blk_dread
                0x04020014       0x30 drivers/built-in.o
                0x04020014                blk_dread
 .text.blk_dwrite
                0x04020044       0x30 drivers/built-in.o
                0x04020044                blk_dwrite
 .text.blk_derase
                0x04020074       0x24 drivers/built-in.o
                0x04020074                blk_derase
 .text.blk_prepare_device
                0x04020098       0x14 drivers/built-in.o
                0x04020098                blk_prepare_device
 .text.blk_find_max_devnum
                0x040200ac       0x78 drivers/built-in.o
                0x040200ac                blk_find_max_devnum
 .text.blk_create_device
                0x04020124       0xac drivers/built-in.o
                0x04020124                blk_create_device
 .text.blk_create_devicef
                0x040201d0       0xa0 drivers/built-in.o
                0x040201d0                blk_create_devicef
 .text.blk_unbind_all
                0x04020270       0x94 drivers/built-in.o
                0x04020270                blk_unbind_all
 .text.rsa_mod_exp
                0x04020304       0x2c drivers/built-in.o
                0x04020304                rsa_mod_exp
 .text.mod_exp_sw
                0x04020330       0x14 drivers/built-in.o
                0x04020330                mod_exp_sw
 .text.fpga_no_sup
                0x04020344       0x4c drivers/built-in.o
 .text.fpga_get_desc
                0x04020390       0x34 drivers/built-in.o
                0x04020390                fpga_get_desc
 .text.fpga_dev_info
                0x040203c4       0x94 drivers/built-in.o
 .text.fpga_validate
                0x04020458       0x54 drivers/built-in.o
                0x04020458                fpga_validate
 .text.fpga_init
                0x040204ac       0x20 drivers/built-in.o
                0x040204ac                fpga_init
 .text.fpga_count
                0x040204cc       0x10 drivers/built-in.o
                0x040204cc                fpga_count
 .text.fpga_add
                0x040204dc       0xa0 drivers/built-in.o
                0x040204dc                fpga_add
 .text.fpga_loadbitstream
                0x0402057c      0x200 drivers/built-in.o
                0x04020594                fpga_loadbitstream
 .text.fpga_fsload
                0x0402077c       0x60 drivers/built-in.o
                0x0402077c                fpga_fsload
 .text.fpga_load
                0x040207dc       0x94 drivers/built-in.o
                0x040207dc                fpga_load
 .text.fpga_dump
                0x04020870       0x8c drivers/built-in.o
                0x04020870                fpga_dump
 .text.fpga_info
                0x040208fc       0x74 drivers/built-in.o
                0x040208fc                fpga_info
 .text.zynq_dma_transfer.constprop.4
                0x04020970       0xb4 drivers/built-in.o
 .text.load_word
                0x04020a24       0x48 drivers/built-in.o
 .text.zynq_align_dma_buffer
                0x04020a6c       0xc4 drivers/built-in.o
 .text.zynq_validate_bitstream.isra.3
                0x04020b30      0x28c drivers/built-in.o
 .text.zynq_loadfs
                0x04020dbc      0x210 drivers/built-in.o
 .text.zynq_load
                0x04020fcc       0xdc drivers/built-in.o
 .text.xilinx_validate
                0x040210a8       0x7c drivers/built-in.o
 .text.xilinx_load
                0x04021124       0x84 drivers/built-in.o
                0x04021124                xilinx_load
 .text.xilinx_loadfs
                0x040211a8       0x7c drivers/built-in.o
                0x040211a8                xilinx_loadfs
 .text.xilinx_dump
                0x04021224       0x78 drivers/built-in.o
                0x04021224                xilinx_dump
 .text.xilinx_info
                0x0402129c      0x1e8 drivers/built-in.o
                0x0402129c                xilinx_info
 .text.dfu_write_buffer_drain
                0x04021484       0xa8 drivers/built-in.o
 .text.dfu_free_buf
                0x0402152c       0x20 drivers/built-in.o
                0x0402152c                dfu_free_buf
 .text.dfu_get_buf_size
                0x0402154c       0x10 drivers/built-in.o
                0x0402154c                dfu_get_buf_size
 .text.dfu_get_buf
                0x0402155c       0xb8 drivers/built-in.o
                0x0402155c                dfu_get_buf
 .text.dfu_write_transaction_cleanup
                0x04021614       0x44 drivers/built-in.o
                0x04021614                dfu_write_transaction_cleanup
 .text.dfu_flush
                0x04021658       0x64 drivers/built-in.o
                0x04021658                dfu_flush
 .text.dfu_write
                0x040216bc      0x194 drivers/built-in.o
                0x040216bc                dfu_write
 .text.dfu_read
                0x04021850      0x274 drivers/built-in.o
                0x04021850                dfu_read
 .text.dfu_free_entities
                0x04021ac4       0x9c drivers/built-in.o
                0x04021ac4                dfu_free_entities
 .text.dfu_config_entities
                0x04021b60      0x278 drivers/built-in.o
                0x04021b60                dfu_config_entities
 .text.dfu_init_env_entities
                0x04021dd8       0x90 drivers/built-in.o
                0x04021dd8                dfu_init_env_entities
 .text.dfu_get_dev_type
                0x04021e68       0x3c drivers/built-in.o
                0x04021e68                dfu_get_dev_type
 .text.dfu_get_layout
                0x04021ea4       0x3c drivers/built-in.o
                0x04021ea4                dfu_get_layout
 .text.dfu_show_entities
                0x04021ee0       0x74 drivers/built-in.o
                0x04021ee0                dfu_show_entities
 .text.dfu_get_alt_number
                0x04021f54       0x10 drivers/built-in.o
                0x04021f54                dfu_get_alt_number
 .text.dfu_get_entity
                0x04021f64       0x40 drivers/built-in.o
                0x04021f64                dfu_get_entity
 .text.dfu_get_alt
                0x04021fa4       0xa4 drivers/built-in.o
                0x04021fa4                dfu_get_alt
 .text.mmc_block_op
                0x04022048      0x20c drivers/built-in.o
 .text.mmc_file_op
                0x04022254      0x19c drivers/built-in.o
 .text.dfu_free_entity_mmc
                0x040223f0       0x28 drivers/built-in.o
                0x040223f0                dfu_free_entity_mmc
 .text.dfu_write_medium_mmc
                0x04022418       0xb8 drivers/built-in.o
                0x04022418                dfu_write_medium_mmc
 .text.dfu_flush_medium_mmc
                0x040224d0       0x48 drivers/built-in.o
                0x040224d0                dfu_flush_medium_mmc
 .text.dfu_get_medium_size_mmc
                0x04022518       0x90 drivers/built-in.o
                0x04022518                dfu_get_medium_size_mmc
 .text.dfu_read_medium_mmc
                0x040225a8       0xe4 drivers/built-in.o
                0x040225a8                dfu_read_medium_mmc
 .text.dfu_fill_entity_mmc
                0x0402268c      0x318 drivers/built-in.o
                0x0402268c                dfu_fill_entity_mmc
 .text.dfu_get_medium_size_ram
                0x040229a4        0x8 drivers/built-in.o
                0x040229a4                dfu_get_medium_size_ram
 .text.dfu_write_medium_ram
                0x040229ac       0x9c drivers/built-in.o
 .text.dfu_read_medium_ram
                0x04022a48       0x9c drivers/built-in.o
 .text.dfu_fill_entity_ram
                0x04022ae4      0x118 drivers/built-in.o
                0x04022ae4                dfu_fill_entity_ram
 .text.gpio_to_device
                0x04022bfc       0x80 drivers/gpio/built-in.o
 .text.check_reserved
                0x04022c7c       0x74 drivers/gpio/built-in.o
 .text.gpio_renumber
                0x04022cf0       0x84 drivers/gpio/built-in.o
 .text.gpio_pre_remove
                0x04022d74       0x50 drivers/gpio/built-in.o
 .text.gpio_post_probe
                0x04022dc4       0x38 drivers/gpio/built-in.o
 .text.dm_gpio_lookup_name
                0x04022dfc      0x104 drivers/gpio/built-in.o
                0x04022dfc                dm_gpio_lookup_name
 .text.gpio_lookup_name
                0x04022f00       0x70 drivers/gpio/built-in.o
                0x04022f00                gpio_lookup_name
 .text.dm_gpio_request
                0x04022f70       0xa0 drivers/gpio/built-in.o
                0x04022f70                dm_gpio_request
 .text.gpio_request
                0x04023010       0x2c drivers/gpio/built-in.o
                0x04023010                gpio_request
 .text._dm_gpio_free
                0x0402303c       0x74 drivers/gpio/built-in.o
                0x0402303c                _dm_gpio_free
 .text.gpio_free
                0x040230b0       0x28 drivers/gpio/built-in.o
                0x040230b0                gpio_free
 .text.gpio_direction_input
                0x040230d8       0x4c drivers/gpio/built-in.o
                0x040230d8                gpio_direction_input
 .text.gpio_direction_output
                0x04023124       0x54 drivers/gpio/built-in.o
                0x04023124                gpio_direction_output
 .text.dm_gpio_get_value
                0x04023178       0x48 drivers/gpio/built-in.o
                0x04023178                dm_gpio_get_value