blk-uclass.c:137:12:get_desc	40	static
blk-uclass.c:77:18:blk_get_devnum_by_typename	32	static
blk-uclass.c:182:5:blk_list_part	24	static
blk-uclass.c:207:5:blk_print_part_devnum	16	static
blk-uclass.c:222:6:blk_list_devices	24	static
blk-uclass.c:241:5:blk_print_device_num	24	static
blk-uclass.c:255:5:blk_show_device	24	static
blk-uclass.c:308:5:blk_select_hwpart	0	static
blk-uclass.c:320:5:blk_dselect_hwpart	0	static
blk-uclass.c:325:5:blk_first_device	16	static
blk-uclass.c:347:5:blk_next_device	16	static
blk-uclass.c:366:5:blk_get_device	32	static
blk-uclass.c:58:18:blk_get_devnum_by_type	16	static
blk-uclass.c:170:5:blk_select_hwpart_devnum	16	static
blk-uclass.c:389:15:blk_dread	4	static
blk-uclass.c:276:7:blk_read_devnum	24	static
blk-uclass.c:410:15:blk_dwrite	4	static
blk-uclass.c:296:7:blk_write_devnum	24	static
blk-uclass.c:423:15:blk_derase	0	static
blk-uclass.c:436:5:blk_prepare_device	8	static
blk-uclass.c:445:5:blk_find_max_devnum	24	static
blk-uclass.c:465:5:blk_create_device	40	static
blk-uclass.c:497:5:blk_create_devicef	72	static
blk-uclass.c:520:5:blk_unbind_all	16	static
