spi-uclass.c:20:12:spi_set_speed_mode	24	static
spi-uclass.c:154:12:spi_child_pre_probe	16	static
spi-uclass.c:123:12:spi_post_probe	16	static
spi-uclass.c:47:5:dm_spi_claim_bus	32	static
spi-uclass.c:75:6:dm_spi_release_bus	0	static
spi-uclass.c:84:5:dm_spi_xfer	8	static
spi-uclass.c:95:5:spi_claim_bus	0	static
spi-uclass.c:100:6:spi_release_bus	0	static
spi-uclass.c:105:5:spi_xfer	0	static
spi-uclass.c:175:5:spi_chip_select	8	static
spi-uclass.c:182:5:spi_find_chip_select	24	static
spi-uclass.c:216:5:spi_cs_info	24	static
spi-uclass.c:201:5:spi_cs_is_valid	16	static
spi-uclass.c:249:5:spi_find_bus_and_cs	24	static
spi-uclass.c:271:5:spi_get_bus_and_cs	40	static
spi-uclass.c:353:19:spi_setup_slave_fdt	16	static
spi-uclass.c:369:19:spi_setup_slave	32	static
spi-uclass.c:384:6:spi_free_slave	0	static
spi-uclass.c:390:5:spi_slave_ofdata_to_platdata	24	static
spi-uclass.c:112:12:spi_child_post_bind	8	static
