Archive member included to satisfy reference by file (symbol)

arch/arm/lib/lib.a(ashldi3.o)
                              lib/built-in.o (__aeabi_llsl)
arch/arm/lib/lib.a(lib1funcs.o)
                              arch/arm/mach-zynq/built-in.o (__aeabi_uidiv)
arch/arm/lib/lib.a(lshrdi3.o)
                              lib/built-in.o (__aeabi_llsr)
arch/arm/lib/lib.a(div0.o)    arch/arm/lib/lib.a(lib1funcs.o) (__div0)

Discarded input sections

 .data          0x00000000        0x0 arch/arm/cpu/armv7/start.o
 .bss           0x00000000        0x0 arch/arm/cpu/armv7/start.o
 .text.zynq_get_silicon_version
                0x00000000       0x18 arch/arm/mach-zynq/built-in.o
 .text.zynq_ddrc_init
                0x00000000       0x60 arch/arm/mach-zynq/built-in.o
 .text.zynq_slcr_gem_clk_setup
                0x00000000       0x6c arch/arm/mach-zynq/built-in.o
 .text.zynq_slcr_get_mio_pin_status
                0x00000000       0xa4 arch/arm/mach-zynq/built-in.o
 .text.ddr2x_get_rate
                0x00000000       0x40 arch/arm/mach-zynq/built-in.o
 .text.ddr3x_get_rate
                0x00000000       0x40 arch/arm/mach-zynq/built-in.o
 .text.zynq_clk_periph_get_rate
                0x00000000       0x80 arch/arm/mach-zynq/built-in.o
 .text.zynq_clk_pll_get_rate
                0x00000000        0x8 arch/arm/mach-zynq/built-in.o
 .text.zynq_clk_periph_set_rate
                0x00000000      0x124 arch/arm/mach-zynq/built-in.o
 .text.zynq_clk_register_periph_clk
                0x00000000       0x60 arch/arm/mach-zynq/built-in.o
 .text.set_cpu_clk_info
                0x00000000      0x614 arch/arm/mach-zynq/built-in.o
 .text.zynq_clk_get_rate
                0x00000000       0x20 arch/arm/mach-zynq/built-in.o
 .text.zynq_clk_set_rate
                0x00000000       0x40 arch/arm/mach-zynq/built-in.o
 .text.zynq_clk_get_name
                0x00000000       0x18 arch/arm/mach-zynq/built-in.o
 .text.soc_clk_dump
                0x00000000       0x50 arch/arm/mach-zynq/built-in.o
 .text.ps7_init
                0x00000000        0x4 arch/arm/mach-zynq/built-in.o
 .text.ps7_post_config
                0x00000000        0x8 arch/arm/mach-zynq/built-in.o
 .rodata.nand16_pins
                0x00000000       0x20 arch/arm/mach-zynq/built-in.o
 .rodata.nand8_pins
                0x00000000       0x34 arch/arm/mach-zynq/built-in.o
 .rodata.usb1_pins
                0x00000000       0x30 arch/arm/mach-zynq/built-in.o
 .rodata.mio_periphs
                0x00000000       0x50 arch/arm/mach-zynq/built-in.o
 .rodata.usb0_pins
                0x00000000       0x30 arch/arm/mach-zynq/built-in.o
 .data          0x00000000        0x0 arch/arm/mach-zynq/built-in.o
 .bss           0x00000000        0x0 arch/arm/mach-zynq/built-in.o
 .bss.clks      0x00000000      0x540 arch/arm/mach-zynq/built-in.o
 .text          0x00000000      0x148 arch/arm/cpu/armv7/built-in.o
 .text.invalidate_dcache_range
                0x00000000        0x4 arch/arm/cpu/armv7/built-in.o
 .text.arm_init_before_mmu
                0x00000000        0x4 arch/arm/cpu/armv7/built-in.o
 .text.mmu_page_table_flush
                0x00000000        0x4 arch/arm/cpu/armv7/built-in.o
 .text.arm_init_domains
                0x00000000        0x4 arch/arm/cpu/armv7/built-in.o
 .text.v7_outer_cache_enable
                0x00000000        0x4 arch/arm/cpu/armv7/built-in.o
 .text.v7_outer_cache_flush_all
                0x00000000        0x4 arch/arm/cpu/armv7/built-in.o
 .text.v7_outer_cache_inval_all
                0x00000000        0x4 arch/arm/cpu/armv7/built-in.o
 .text.v7_outer_cache_flush_range
                0x00000000        0x4 arch/arm/cpu/armv7/built-in.o
 .text.v7_outer_cache_inval_range
                0x00000000        0x4 arch/arm/cpu/armv7/built-in.o
 .text.v7_arch_cp15_set_l2aux_ctrl
                0x00000000        0x8 arch/arm/cpu/armv7/built-in.o
 .text.v7_arch_cp15_set_acr
                0x00000000        0x8 arch/arm/cpu/armv7/built-in.o
 .text.sdelay   0x00000000        0xc arch/arm/cpu/armv7/built-in.o
 .text.wait_on_value
                0x00000000       0x38 arch/arm/cpu/armv7/built-in.o
 .data          0x00000000        0x0 arch/arm/cpu/armv7/built-in.o
 .bss           0x00000000        0x0 arch/arm/cpu/armv7/built-in.o
 .text.board_init_f
                0x00000000        0x4 arch/arm/lib/built-in.o
 .text.arch_reserve_stacks
                0x00000000       0x1c arch/arm/lib/built-in.o
 .text.interrupt_init
                0x00000000       0x1c arch/arm/lib/built-in.o
 .text.enable_interrupts
                0x00000000        0x4 arch/arm/lib/built-in.o
 .text.bad_mode
                0x00000000       0x10 arch/arm/lib/built-in.o
 .text.show_regs
                0x00000000      0x174 arch/arm/lib/built-in.o
 .text.do_undefined_instruction
                0x00000000       0x20 arch/arm/lib/built-in.o
 .text.do_software_interrupt
                0x00000000       0x20 arch/arm/lib/built-in.o
 .text.do_prefetch_abort
[...]
Memory Configuration

Name             Origin             Length             Attributes
.sram            0x00000000         0x00030000
.sdram           0x00100000         0x00100000
*default*        0x00000000         0xffffffff

Linker script and memory map

                0x00000000                . = ALIGN (0x4)

.text           0x00000000     0xd4b0
                0x00000000                __image_copy_start = .
 *(.vectors)
 .vectors       0x00000000       0x60 arch/arm/lib/built-in.o
                0x00000000                _start
                0x00000020                _undefined_instruction
                0x00000024                _software_interrupt
                0x00000028                _prefetch_abort
                0x0000002c                _data_abort
                0x00000030                _not_used
                0x00000034                _irq
                0x00000038                _fiq
 arch/arm/cpu/armv7/start.o(.text*)
 .text          0x00000060       0xb0 arch/arm/cpu/armv7/start.o
                0x00000060                reset
                0x00000064                save_boot_params_ret
                0x000000a0                c_runtime_cpu_setup
                0x000000b0                save_boot_params
                0x000000b4                cpu_init_cp15
                0x00000108                cpu_init_crit
 *(.text*)
 .text          0x00000110       0x24 arch/arm/mach-zynq/built-in.o
                0x00000110                lowlevel_init
 .text.timer_init
                0x00000134       0x70 arch/arm/mach-zynq/built-in.o
                0x00000134                timer_init
 .text.get_tbclk
                0x000001a4        0x8 arch/arm/mach-zynq/built-in.o
                0x000001a4                get_tbclk
 .text.arch_cpu_init
                0x000001ac       0x18 arch/arm/mach-zynq/built-in.o
                0x000001ac                arch_cpu_init
 .text.reset_cpu
                0x000001c4        0xc arch/arm/mach-zynq/built-in.o
                0x000001c4                reset_cpu
 .text.zynq_slcr_lock
                0x000001d0       0x30 arch/arm/mach-zynq/built-in.o
                0x000001d0                zynq_slcr_lock
 .text.zynq_slcr_unlock
                0x00000200       0x30 arch/arm/mach-zynq/built-in.o
                0x00000200                zynq_slcr_unlock
 .text.zynq_slcr_cpu_reset
                0x00000230       0x28 arch/arm/mach-zynq/built-in.o
                0x00000230                zynq_slcr_cpu_reset
 .text.zynq_slcr_devcfg_disable
                0x00000258       0x40 arch/arm/mach-zynq/built-in.o
                0x00000258                zynq_slcr_devcfg_disable
 .text.zynq_slcr_devcfg_enable
                0x00000298       0x2c arch/arm/mach-zynq/built-in.o
                0x00000298                zynq_slcr_devcfg_enable
 .text.zynq_slcr_get_boot_mode
                0x000002c4       0x10 arch/arm/mach-zynq/built-in.o
                0x000002c4                zynq_slcr_get_boot_mode
 .text.zynq_slcr_get_idcode
                0x000002d4       0x14 arch/arm/mach-zynq/built-in.o
                0x000002d4                zynq_slcr_get_idcode
 .text.__zynq_clk_pll_get_rate
                0x000002e8       0x24 arch/arm/mach-zynq/built-in.o
 .text.zynq_clk_early_init
                0x0000030c       0x5c arch/arm/mach-zynq/built-in.o
                0x0000030c                zynq_clk_early_init
 .text.get_uart_clk
                0x00000368       0x54 arch/arm/mach-zynq/built-in.o
                0x00000368                get_uart_clk
 .text.spl_board_init
                0x000003bc       0x10 arch/arm/mach-zynq/built-in.o
                0x000003bc                spl_board_init
 .text.spl_boot_device
                0x000003cc       0x80 arch/arm/mach-zynq/built-in.o
                0x000003cc                spl_boot_device
 .text.spl_boot_mode
                0x0000044c        0x8 arch/arm/mach-zynq/built-in.o
                0x0000044c                spl_boot_mode
 .text.spl_start_uboot
                0x00000454        0x8 arch/arm/mach-zynq/built-in.o
                0x00000454                spl_start_uboot
 .text.board_init_f
                0x0000045c       0x10 arch/arm/mach-zynq/built-in.o
                0x0000045c                board_init_f
 .text.spl_board_prepare_for_boot
                0x0000046c        0x4 arch/arm/mach-zynq/built-in.o
                0x0000046c                spl_board_prepare_for_boot
 .text.invalidate_dcache_all
                0x00000470        0x4 arch/arm/cpu/armv7/built-in.o
                0x00000470                invalidate_dcache_all
 .text.flush_dcache_all
                0x00000474        0x4 arch/arm/cpu/armv7/built-in.o
                0x00000474                flush_dcache_all
 .text.flush_dcache_range
                0x00000478        0x4 arch/arm/cpu/armv7/built-in.o
                0x00000478                flush_dcache_range
 .text.invalidate_icache_all
                0x0000047c       0x18 arch/arm/cpu/armv7/built-in.o
                0x0000047c                invalidate_icache_all
 .text.v7_outer_cache_disable
                0x00000494        0x4 arch/arm/cpu/armv7/built-in.o
                0x00000494                v7_outer_cache_disable
 .text.cpu_cache_initialization
                0x00000498        0x4 arch/arm/cpu/armv7/built-in.o
                0x00000498                cpu_cache_initialization
 .text.cleanup_before_linux_select
                0x0000049c       0x44 arch/arm/cpu/armv7/built-in.o
                0x0000049c                cleanup_before_linux_select
 .text.cleanup_before_linux
                0x000004e0        0x8 arch/arm/cpu/armv7/built-in.o
                0x000004e0                cleanup_before_linux
 .text          0x000004e8       0x64 arch/arm/lib/built-in.o
                0x000004e8                _main
 .text.jump_to_image_linux
                0x0000054c       0x20 arch/arm/lib/built-in.o
                0x0000054c                jump_to_image_linux
 .text.bootz_setup
                0x0000056c       0x7c arch/arm/lib/built-in.o
                0x0000056c                bootz_setup
 .text.disable_interrupts
                0x000005e8        0x8 arch/arm/lib/built-in.o
                0x000005e8                disable_interrupts
 .text.reset_misc
                0x000005f0        0x4 arch/arm/lib/built-in.o
                0x000005f0                reset_misc
 .text.do_reset
                0x000005f4       0x30 arch/arm/lib/built-in.o
                0x000005f4                do_reset
 .text.cp_delay
                0x00000624       0x30 arch/arm/lib/built-in.o
 .text.icache_enable
                0x00000654       0x1c arch/arm/lib/built-in.o
                0x00000654                icache_enable
 .text.icache_disable
                0x00000670       0x24 arch/arm/lib/built-in.o
                0x00000670                icache_disable
 .text.dcache_disable
                0x00000694        0x4 arch/arm/lib/built-in.o
                0x00000694                dcache_disable
 .text.board_init
                0x00000698      0x14c board/xilinx/zynq/built-in.o
                0x00000698                board_init
 .text.ps7GetSiliconVersion
                0x000007e4       0x14 board/xilinx/zynq/built-in.o
                0x000007e4                ps7GetSiliconVersion
 .text.perf_reset_clock
                0x000007f8       0x1c board/xilinx/zynq/built-in.o
                0x000007f8                perf_reset_clock
 .text.perf_reset_and_start_timer
                0x00000814       0x1c board/xilinx/zynq/built-in.o
                0x00000814                perf_reset_and_start_timer
 .text.ps7_config
                0x00000830      0x114 board/xilinx/zynq/built-in.o
                0x00000830                ps7_config
 .text.ps7_post_config
                0x00000944       0x34 board/xilinx/zynq/built-in.o
                0x00000944                ps7_post_config
 .text.ps7_init
                0x00000978      0x140 board/xilinx/zynq/built-in.o
                0x00000978                ps7_init
 .text.show_boot_progress
                0x00000ab8        0x4 common/spl/built-in.o
                0x00000ab8                show_boot_progress
 .text.spl_board_prepare_for_linux
                0x00000abc        0x4 common/spl/built-in.o
                0x00000abc                spl_board_prepare_for_linux
 .text.spl_set_header_raw_uboot
                0x00000ac0       0x2c common/spl/built-in.o
                0x00000ac0                spl_set_header_raw_uboot
 .text.spl_parse_image_header
                0x00000aec       0xd8 common/spl/built-in.o
                0x00000aec                spl_parse_image_header
 .text.spl_ram_load_image
                0x00000bc4       0x18 common/spl/built-in.o
 .text.jump_to_image_no_args
                0x00000bdc        0xc common/spl/built-in.o
                0x00000bdc                jump_to_image_no_args
 .text.spl_init
                0x00000be8       0x40 common/spl/built-in.o
                0x00000be8                spl_init
 .text.board_boot_order
                0x00000c28       0x14 common/spl/built-in.o
                0x00000c28                board_boot_order
 .text.board_init_r
                0x00000c3c      0x160 common/spl/built-in.o
                0x00000c3c                board_init_r
 .text.preloader_console_init
                0x00000d9c       0x38 common/spl/built-in.o
                0x00000d9c                preloader_console_init
 .text.spl_relocate_stack_gd
                0x00000dd4        0x8 common/spl/built-in.o
                0x00000dd4                spl_relocate_stack_gd
 .text.mmc_load_image_raw_sector
                0x00000ddc       0x9c common/spl/built-in.o
 .text.spl_mmc_get_device_index
                0x00000e78       0x3c common/spl/built-in.o
                0x00000e78                spl_mmc_get_device_index
 .text.spl_mmc_load_image
                0x00000eb4      0x26c common/spl/built-in.o
                0x00000eb4                spl_mmc_load_image
 .text.spl_load_image_fat
                0x00001120       0xd0 common/spl/built-in.o
                0x00001120                spl_load_image_fat
 .text.spl_load_image_fat_os
                0x000011f0       0xb8 common/spl/built-in.o
                0x000011f0                spl_load_image_fat_os
 .text.spl_spi_load_image
                0x000012a8      0x104 common/spl/built-in.o
 .text.board_init_f_alloc_reserve
                0x000013ac       0x10 common/init/built-in.o
                0x000013ac                board_init_f_alloc_reserve
 .text.board_init_f_init_reserve
                0x000013bc       0x24 common/init/built-in.o
                0x000013bc                board_init_f_init_reserve
 .text.puts     0x000013e0       0x78 common/built-in.o
                0x000013e0                puts
 .text.putc     0x00001458       0x50 common/built-in.o
                0x00001458                putc
 .text.fgetc    0x000014a8       0x24 common/built-in.o
                0x000014a8                fgetc
 .text.getc     0x000014cc       0x24 common/built-in.o
                0x000014cc                getc
 .text.ftstc    0x000014f0       0x24 common/built-in.o
                0x000014f0                ftstc
 .text.tstc     0x00001514       0x24 common/built-in.o
                0x00001514                tstc
 .text.ctrlc    0x00001538       0x58 common/built-in.o
                0x00001538                ctrlc
 .text.sbrk     0x00001590       0x70 common/built-in.o
                0x00001590                sbrk
 .text.mem_malloc_init
                0x00001600       0x34 common/built-in.o
                0x00001600                mem_malloc_init
 .text.malloc_trim
                0x00001634       0xcc common/built-in.o
                0x00001634                malloc_trim
 .text.free     0x00001700      0x248 common/built-in.o
                0x00001700                free
 .text.malloc   0x00001948      0x61c common/built-in.o
                0x00001948                malloc
 .text.calloc   0x00001f64      0x148 common/built-in.o
                0x00001f64                calloc
 .text.memalign
                0x000020ac      0x170 common/built-in.o
                0x000020ac                memalign
 .text.malloc_simple
                0x0000221c       0x30 common/built-in.o
                0x0000221c                malloc_simple
 .text.fdt_check_header
                0x0000224c       0x74 lib/built-in.o
                0x0000224c                fdt_check_header
 .text.fdt_offset_ptr
                0x000022c0       0x6c lib/built-in.o
                0x000022c0                fdt_offset_ptr
 .text.fdt_next_tag
                0x0000232c       0xfc lib/built-in.o
                0x0000232c                fdt_next_tag
 .text._fdt_check_node_offset
                0x00002428       0x3c lib/built-in.o
                0x00002428                _fdt_check_node_offset
 .text._fdt_check_prop_offset
                0x00002464       0x3c lib/built-in.o
                0x00002464                _fdt_check_prop_offset
 .text.fdt_next_node
                0x000024a0       0xb8 lib/built-in.o
                0x000024a0                fdt_next_node
 .text.fdt_first_subnode
                0x00002558       0x34 lib/built-in.o
                0x00002558                fdt_first_subnode
 .text.fdt_next_subnode
                0x0000258c       0x50 lib/built-in.o
                0x0000258c                fdt_next_subnode
 .text.fdt_path_next_separator
                0x000025dc       0x58 lib/built-in.o
 .text._nextprop
                0x00002634       0x5c lib/built-in.o
 .text.fdt_string
                0x00002690       0x14 lib/built-in.o
                0x00002690                fdt_string
 .text.fdt_subnode_offset_namelen
                0x000026a4       0xd0 lib/built-in.o
                0x000026a4                fdt_subnode_offset_namelen
 .text.fdt_get_name
                0x00002774       0x74 lib/built-in.o
                0x00002774                fdt_get_name
 .text.fdt_first_property_offset
                0x000027e8       0x20 lib/built-in.o
                0x000027e8                fdt_first_property_offset
 .text.fdt_next_property_offset
                0x00002808       0x20 lib/built-in.o
                0x00002808                fdt_next_property_offset
 .text.fdt_get_property_by_offset
                0x00002828       0x54 lib/built-in.o
                0x00002828                fdt_get_property_by_offset
 .text.fdt_get_property_namelen
                0x0000287c       0xb8 lib/built-in.o
                0x0000287c                fdt_get_property_namelen
 .text.fdt_get_property
                0x00002934       0x3c lib/built-in.o
                0x00002934                fdt_get_property
 .text.fdt_getprop_namelen
                0x00002970       0x20 lib/built-in.o
                0x00002970                fdt_getprop_namelen
 .text.fdt_getprop_by_offset
                0x00002990       0x48 lib/built-in.o
                0x00002990                fdt_getprop_by_offset
 .text.fdt_getprop
                0x000029d8       0x3c lib/built-in.o
                0x000029d8                fdt_getprop
 .text.fdt_get_alias_namelen
                0x00002a14       0x48 lib/built-in.o
                0x00002a14                fdt_get_alias_namelen
 .text.fdt_path_offset_namelen
                0x00002a5c       0xe8 lib/built-in.o
                0x00002a5c                fdt_path_offset_namelen
 .text.fdt_path_offset
                0x00002b44       0x28 lib/built-in.o
                0x00002b44                fdt_path_offset
 .text.fdt_address_cells
                0x00002b6c       0x4c lib/built-in.o
                0x00002b6c                fdt_address_cells
 .text.fdt_size_cells
                0x00002bb8       0x48 lib/built-in.o
                0x00002bb8                fdt_size_cells
 .text.fdtdec_get_int
                0x00002c00       0x38 lib/built-in.o
                0x00002c00                fdtdec_get_int
 .text.fdtdec_get_uint
                0x00002c38       0x38 lib/built-in.o
                0x00002c38                fdtdec_get_uint
 .text.get_prop_check_min_len
                0x00002c70       0x3c lib/built-in.o
 .text.fdtdec_get_is_enabled
                0x00002cac       0x3c lib/built-in.o
                0x00002cac                fdtdec_get_is_enabled
 .text.fdtdec_get_alias_seq
                0x00002ce8      0x118 lib/built-in.o
                0x00002ce8                fdtdec_get_alias_seq
 .text.fdtdec_get_chosen_prop
                0x00002e00       0x34 lib/built-in.o
                0x00002e00                fdtdec_get_chosen_prop
 .text.fdtdec_get_chosen_node
                0x00002e34       0x28 lib/built-in.o
                0x00002e34                fdtdec_get_chosen_node
 .text.fdtdec_prepare_fdt
                0x00002e5c       0x44 lib/built-in.o
                0x00002e5c                fdtdec_prepare_fdt
 .text.fdtdec_get_int_array
                0x00002ea0       0x5c lib/built-in.o
                0x00002ea0                fdtdec_get_int_array
 .text.fdtdec_get_bool
                0x00002efc       0x1c lib/built-in.o
                0x00002efc                fdtdec_get_bool
 .text.fdtdec_get_number
                0x00002f18       0x3c lib/built-in.o
                0x00002f18                fdtdec_get_number
 .text.fdtdec_get_addr_size_fixed
                0x00002f54       0x94 lib/built-in.o
                0x00002f54                fdtdec_get_addr_size_fixed
 .text.fdtdec_get_addr_size_auto_parent
                0x00002fe8       0x70 lib/built-in.o
                0x00002fe8                fdtdec_get_addr_size_auto_parent
 .text.fdtdec_get_addr_size
                0x00003058       0x30 lib/built-in.o
                0x00003058                fdtdec_get_addr_size
 .text.fdtdec_setup
                0x00003088       0x10 lib/built-in.o
                0x00003088                fdtdec_setup
 .text.__div64_32
                0x00003098       0xd4 lib/built-in.o
                0x00003098                __div64_32
 .text.hang     0x0000316c       0x1c lib/built-in.o
                0x0000316c                hang
 .text.strcpy   0x00003188       0x18 lib/built-in.o
                0x00003188                strcpy
 .text.strcmp   0x000031a0       0x28 lib/built-in.o
                0x000031a0                strcmp
 .text.strncmp  0x000031c8       0x3c lib/built-in.o
                0x000031c8                strncmp
 .text.strchr   0x00003204       0x2c lib/built-in.o
                0x00003204                strchr
 .text.strlen   0x00003230       0x20 lib/built-in.o
                0x00003230                strlen
 .text.strrchr  0x00003250       0x3c lib/built-in.o
                0x00003250                strrchr
 .text.strnlen  0x0000328c       0x2c lib/built-in.o
                0x0000328c                strnlen
 .text.strdup   0x000032b8       0x40 lib/built-in.o
                0x000032b8                strdup
 .text.memset   0x000032f8       0x5c lib/built-in.o
                0x000032f8                memset
 .text.memcpy   0x00003354       0x6c lib/built-in.o
                0x00003354                memcpy
 .text.memcmp   0x000033c0       0x30 lib/built-in.o
                0x000033c0                memcmp
 .text.memchr   0x000033f0       0x30 lib/built-in.o
                0x000033f0                memchr
 .text.tick_to_time
                0x00003420       0x64 lib/built-in.o
 .text.timer_read_counter
                0x00003484       0x18 lib/built-in.o
                0x00003484                timer_read_counter
 .text.get_ticks
                0x0000349c       0x40 lib/built-in.o
                0x0000349c                get_ticks
 .text.get_timer
                0x000034dc       0x18 lib/built-in.o
                0x000034dc                get_timer
 .text.__udelay
                0x000034f4       0x9c lib/built-in.o
                0x000034f4                __udelay
 .text.udelay   0x00003590       0x30 lib/built-in.o
                0x00003590                udelay
 .text.put_dec_trunc
                0x000035c0       0xd4 lib/built-in.o
 .text.string   0x00003694       0xbc lib/built-in.o
 .text.put_dec  0x00003750      0x13c lib/built-in.o
 .text.number   0x0000388c      0x2b0 lib/built-in.o
 .text.vsnprintf_internal
                0x00003b3c      0x6a4 lib/built-in.o
 .text.vscnprintf
                0x000041e0       0x24 lib/built-in.o
                0x000041e0                vscnprintf
 .text.snprintf
                0x00004204       0x28 lib/built-in.o
                0x00004204                snprintf
 .text.vsprintf
                0x0000422c       0x14 lib/built-in.o
                0x0000422c                vsprintf
 .text.sprintf  0x00004240       0x28 lib/built-in.o
                0x00004240                sprintf
 .text.printf   0x00004268       0x48 lib/built-in.o
                0x00004268                printf
 .text.panic_finish
                0x000042b0       0x30 lib/built-in.o
 .text.panic_str
                0x000042e0        0xc lib/built-in.o
                0x000042e0                panic_str
 .text.simple_strtoul
                0x000042ec       0xb8 lib/built-in.o
                0x000042ec                simple_strtoul
 .text.trailing_strtoln
                0x000043a4       0x74 lib/built-in.o
                0x000043a4                trailing_strtoln
 .text.trailing_strtol
                0x00004418        0x8 lib/built-in.o
                0x00004418                trailing_strtol
 .text.part_init
                0x00004420       0x54 disk/built-in.o
                0x00004420                part_init
 .text.part_get_info
                0x00004474       0x70 disk/built-in.o
                0x00004474                part_get_info
 .text.part_set_generic_name
                0x000044e4       0x4c disk/built-in.o
                0x000044e4                part_set_generic_name
 .text.test_block_type
                0x00004530       0x84 disk/built-in.o
 .text.part_test_dos
                0x000045b4       0x5c disk/built-in.o
 .text.part_get_info_extended.constprop.2
                0x00004610      0x264 disk/built-in.o
 .text.part_get_info_dos
                0x00004874       0x20 disk/built-in.o
                0x00004874                part_get_info_dos
 .text.device_bind_common.isra.7
                0x00004894      0x2c8 drivers/built-in.o
 .text.alloc_priv
                0x00004b5c       0x4c drivers/built-in.o
 .text.device_bind_with_driver_data
                0x00004ba8       0x28 drivers/built-in.o
                0x00004ba8                device_bind_with_driver_data
 .text.device_bind
                0x00004bd0       0x28 drivers/built-in.o
                0x00004bd0                device_bind
 .text.device_bind_by_name
                0x00004bf8       0x68 drivers/built-in.o
                0x00004bf8                device_bind_by_name
 .text.device_probe
                0x00004c60      0x1fc drivers/built-in.o
                0x00004c60                device_probe
 .text.dev_get_platdata
                0x00004e5c        0xc drivers/built-in.o
                0x00004e5c                dev_get_platdata
 .text.dev_get_parent_platdata
                0x00004e68        0xc drivers/built-in.o
                0x00004e68                dev_get_parent_platdata
 .text.dev_get_uclass_platdata
                0x00004e74        0xc drivers/built-in.o
                0x00004e74                dev_get_uclass_platdata
 .text.dev_get_priv
                0x00004e80        0xc drivers/built-in.o
                0x00004e80                dev_get_priv
 .text.dev_get_uclass_priv
                0x00004e8c        0xc drivers/built-in.o
                0x00004e8c                dev_get_uclass_priv
 .text.dev_get_parent_priv
                0x00004e98        0xc drivers/built-in.o
                0x00004e98                dev_get_parent_priv
 .text.device_find_first_child
                0x00004ea4       0x1c drivers/built-in.o
                0x00004ea4                device_find_first_child
 .text.device_find_next_child
                0x00004ec0       0x28 drivers/built-in.o
                0x00004ec0                device_find_next_child
 .text.dev_get_parent
                0x00004ee8        0x8 drivers/built-in.o
                0x00004ee8                dev_get_parent
 .text.dev_get_addr_index
                0x00004ef0       0x78 drivers/built-in.o
                0x00004ef0                dev_get_addr_index
 .text.dev_get_addr
                0x00004f68        0x8 drivers/built-in.o
                0x00004f68                dev_get_addr
 .text.device_set_name_alloced
                0x00004f70       0x10 drivers/built-in.o
                0x00004f70                device_set_name_alloced
 .text.lists_driver_lookup_name
                0x00004f80       0x4c drivers/built-in.o
                0x00004f80                lists_driver_lookup_name
 .text.lists_uclass_lookup
                0x00004fcc       0x3c drivers/built-in.o
                0x00004fcc                lists_uclass_lookup
 .text.lists_bind_drivers
                0x00005008       0x74 drivers/built-in.o
                0x00005008                lists_bind_drivers
 .text.device_bind_driver_to_node
                0x0000507c       0x48 drivers/built-in.o
                0x0000507c                device_bind_driver_to_node
 .text.device_bind_driver
                0x000050c4       0x18 drivers/built-in.o
                0x000050c4                device_bind_driver
 .text.lists_bind_fdt
                0x000050dc      0x160 drivers/built-in.o
                0x000050dc                lists_bind_fdt
 .text.dm_root  0x0000523c       0x10 drivers/built-in.o
                0x0000523c                dm_root
 .text.dm_get_translation_offset
                0x0000524c       0x14 drivers/built-in.o
                0x0000524c                dm_get_translation_offset
 .text.dm_init  0x00005260       0x58 drivers/built-in.o
                0x00005260                dm_init
 .text.dm_scan_platdata
                0x000052b8       0x1c drivers/built-in.o
                0x000052b8                dm_scan_platdata
 .text.dm_scan_fdt_node
                0x000052d4       0xb4 drivers/built-in.o
                0x000052d4                dm_scan_fdt_node
 .text.dm_scan_fdt_dev
                0x00005388       0x28 drivers/built-in.o
                0x00005388                dm_scan_fdt_dev
 .text.dm_scan_fdt
                0x000053b0       0x18 drivers/built-in.o
                0x000053b0                dm_scan_fdt
 .text.dm_scan_other
                0x000053c8        0x8 drivers/built-in.o
                0x000053c8                dm_scan_other
 .text.dm_init_and_scan
                0x000053d0       0x44 drivers/built-in.o
                0x000053d0                dm_init_and_scan
 .text.uclass_find
                0x00005414       0x4c drivers/built-in.o
                0x00005414                uclass_find
 .text.uclass_get
                0x00005460      0x124 drivers/built-in.o
                0x00005460                uclass_get
 .text.uclass_find_device
                0x00005584       0x74 drivers/built-in.o
                0x00005584                uclass_find_device
 .text.uclass_find_first_device
                0x000055f8       0x3c drivers/built-in.o
                0x000055f8                uclass_find_first_device
 .text.uclass_find_device_by_seq
                0x00005634       0x7c drivers/built-in.o
                0x00005634                uclass_find_device_by_seq
 .text.uclass_find_device_by_of_offset
                0x000056b0       0x6c drivers/built-in.o
                0x000056b0                uclass_find_device_by_of_offset
 .text.uclass_get_device_tail
                0x0000571c       0x2c drivers/built-in.o
                0x0000571c                uclass_get_device_tail
 .text.uclass_get_device
                0x00005748       0x30 drivers/built-in.o
                0x00005748                uclass_get_device
 .text.uclass_get_device_by_seq
                0x00005778       0x58 drivers/built-in.o
                0x00005778                uclass_get_device_by_seq
 .text.uclass_get_device_by_of_offset
                0x000057d0       0x30 drivers/built-in.o
                0x000057d0                uclass_get_device_by_of_offset
 .text.uclass_first_device
                0x00005800       0x38 drivers/built-in.o
                0x00005800                uclass_first_device
 .text.uclass_bind_device
                0x00005838       0x7c drivers/built-in.o
                0x00005838                uclass_bind_device
 .text.uclass_resolve_seq
                0x000058b4       0x94 drivers/built-in.o
                0x000058b4                uclass_resolve_seq
 .text.uclass_pre_probe_device
                0x00005948       0x64 drivers/built-in.o
                0x00005948                uclass_pre_probe_device
 .text.uclass_post_probe_device
                0x000059ac       0x20 drivers/built-in.o
                0x000059ac                uclass_post_probe_device
 .text.simple_bus_post_bind
                0x000059cc       0x64 drivers/built-in.o
 .text.simple_bus_translate
                0x00005a30       0x38 drivers/built-in.o
                0x00005a30                simple_bus_translate
 .text.dm_mmc_set_ios
                0x00005a68       0x20 drivers/built-in.o
                0x00005a68                dm_mmc_set_ios
 .text.mmc_set_ios
                0x00005a88        0x8 drivers/built-in.o
                0x00005a88                mmc_set_ios
 .text.dm_mmc_get_cd
                0x00005a90       0x20 drivers/built-in.o
                0x00005a90                dm_mmc_get_cd
 .text.mmc_getcd
                0x00005ab0        0x8 drivers/built-in.o
                0x00005ab0                mmc_getcd
 .text.dm_mmc_set_voltage
                0x00005ab8       0x20 drivers/built-in.o
                0x00005ab8                dm_mmc_set_voltage
 .text.mmc_set_voltage
                0x00005ad8        0x8 drivers/built-in.o
                0x00005ad8                mmc_set_voltage
 .text.dm_mmc_set_uhs
                0x00005ae0       0x20 drivers/built-in.o
                0x00005ae0                dm_mmc_set_uhs
 .text.mmc_switch_uhs
                0x00005b00        0x8 drivers/built-in.o
                0x00005b00                mmc_switch_uhs
 .text.mmc_get_mmc_dev
                0x00005b08       0x24 drivers/built-in.o
                0x00005b08                mmc_get_mmc_dev
 .text.dm_mmc_send_cmd
                0x00005b2c       0x44 drivers/built-in.o
                0x00005b2c                dm_mmc_send_cmd
 .text.mmc_send_cmd
                0x00005b70        0x8 drivers/built-in.o
                0x00005b70                mmc_send_cmd
 .text.dm_mmc_execute_tuning
                0x00005b78       0x44 drivers/built-in.o
                0x00005b78                dm_mmc_execute_tuning
 .text.mmc_execute_tuning
                0x00005bbc        0x8 drivers/built-in.o
                0x00005bbc                mmc_execute_tuning
 .text.mmc_select_hwpart
                0x00005bc4       0x58 drivers/built-in.o
 .text.find_mmc_device
                0x00005c1c       0x4c drivers/built-in.o
                0x00005c1c                find_mmc_device
 .text.mmc_get_blk_desc
                0x00005c68       0x28 drivers/built-in.o
                0x00005c68                mmc_get_blk_desc
 .text.mmc_do_preinit
                0x00005c90       0x68 drivers/built-in.o
                0x00005c90                mmc_do_preinit
 .text.mmc_bind
                0x00005cf8       0x88 drivers/built-in.o
                0x00005cf8                mmc_bind
 .text.mmc_send_ext_csd
                0x00005d80       0x4c drivers/built-in.o
 .text.mmc_send_op_cond_iter
                0x00005dcc       0x78 drivers/built-in.o
 .text.mmc_go_idle
                0x00005e44       0x4c drivers/built-in.o
 .text.mmc_set_capacity
                0x00005e90       0xb4 drivers/built-in.o
 .text.mmc_send_status
                0x00005f44       0xd0 drivers/built-in.o
                0x00005f44                mmc_send_status
 .text.mmc_set_blocklen
                0x00006014       0x40 drivers/built-in.o
                0x00006014                mmc_set_blocklen
 .text.mmc_bread
                0x00006054      0x16c drivers/built-in.o
                0x00006054                mmc_bread
 .text.mmc_switch
                0x000061c0       0x68 drivers/built-in.o
                0x000061c0                mmc_switch
 .text.mmc_change_freq
                0x00006228       0xf4 drivers/built-in.o
 .text.mmc_set_clock
                0x0000631c       0x24 drivers/built-in.o
                0x0000631c                mmc_set_clock
 .text.mmc_switch_part
                0x00006340      0x16c drivers/built-in.o
                0x00006340                mmc_switch_part
 .text.mmc_startup
                0x000064ac      0xeac drivers/built-in.o
 .text.board_mmc_power_init
                0x00007358        0x4 drivers/built-in.o
                0x00007358                board_mmc_power_init
 .text.mmc_start_init
                0x0000735c      0x28c drivers/built-in.o
                0x0000735c                mmc_start_init
 .text.mmc_init
                0x000075e8      0x108 drivers/built-in.o
                0x000075e8                mmc_init
 .text.mmc_initialize
                0x000076f0       0x2c drivers/built-in.o
                0x000076f0                mmc_initialize
 .text.arasan_sdhci_ofdata_to_platdata
                0x0000771c       0xd4 drivers/built-in.o
 .text.arasan_sdhci_probe
                0x000077f0       0xa0 drivers/built-in.o
 .text.arasan_sdhci_bind
                0x00007890       0x20 drivers/built-in.o
 .text.sdhci_set_uhs
                0x000078b0       0x3c drivers/built-in.o
 .text.sdhci_set_clock
                0x000078ec      0x1ec drivers/built-in.o
 .text.sdhci_set_ios
                0x00007ad8       0xe0 drivers/built-in.o
 .text.sdhci_set_voltage
                0x00007bb8      0x108 drivers/built-in.o
 .text.sdhci_reset
                0x00007cc0       0x68 drivers/built-in.o
 .text.sdhci_send_command
                0x00007d28      0x4dc drivers/built-in.o
 .text.sdhci_execute_tuning
                0x00008204      0x17c drivers/built-in.o
 .text.sdhci_probe
                0x00008380      0x1c8 drivers/built-in.o
                0x00008380                sdhci_probe
 .text.sdhci_setup_cfg
                0x00008548      0x200 drivers/built-in.o
                0x00008548                sdhci_setup_cfg
 .text.sdhci_bind
                0x00008748        0x4 drivers/built-in.o
                0x00008748                sdhci_bind
 .text._serial_putc
                0x0000874c       0x40 drivers/built-in.o
 .text._serial_getc
                0x0000878c       0x2c drivers/built-in.o
 .text._serial_tstc
                0x000087b8       0x24 drivers/built-in.o
 .text.serial_post_probe
                0x000087dc       0x24 drivers/built-in.o
 .text.serial_pre_remove
                0x00008800        0x8 drivers/built-in.o
 .text.serial_init
                0x00008808      0x164 drivers/built-in.o
                0x00008808                serial_init
 .text.serial_putc
                0x0000896c       0x18 drivers/built-in.o
                0x0000896c                serial_putc
 .text.serial_puts
                0x00008984       0x38 drivers/built-in.o
                0x00008984                serial_puts
 .text.serial_getc
                0x000089bc       0x14 drivers/built-in.o
                0x000089bc                serial_getc
 .text.serial_tstc
                0x000089d0       0x14 drivers/built-in.o
                0x000089d0                serial_tstc
 .text.arm_dcc_getc
                0x000089e4       0x14 drivers/built-in.o
 .text.arm_dcc_putc
                0x000089f8       0x28 drivers/built-in.o
 .text.arm_dcc_pending
                0x00008a20       0x18 drivers/built-in.o
 .text._uart_zynq_serial_setbrg
                0x00008a38       0xc0 drivers/built-in.o
 .text._uart_zynq_serial_putc
                0x00008af8       0x28 drivers/built-in.o
 .text.zynq_serial_pending
                0x00008b20       0x2c drivers/built-in.o
 .text.zynq_serial_putc
                0x00008b4c       0x1c drivers/built-in.o
 .text.zynq_serial_getc
                0x00008b68       0x30 drivers/built-in.o
 .text.zynq_serial_probe
                0x00008b98       0x2c drivers/built-in.o
 .text.zynq_serial_setbrg
                0x00008bc4       0x30 drivers/built-in.o
                0x00008bc4                zynq_serial_setbrg
 .text.zynq_serial_ofdata_to_platdata
                0x00008bf4       0x24 drivers/built-in.o
 .text.printch  0x00008c18       0x44 drivers/built-in.o
                0x00008c18                printch
 .text.spi_set_speed_mode
                0x00008c5c       0x80 drivers/built-in.o
 .text.spi_child_pre_probe
                0x00008cdc       0x3c drivers/built-in.o
 .text.spi_post_probe
                0x00008d18       0x34 drivers/built-in.o
 .text.dm_spi_claim_bus
                0x00008d4c       0xac drivers/built-in.o
                0x00008d4c                dm_spi_claim_bus
 .text.dm_spi_release_bus
                0x00008df8       0x1c drivers/built-in.o
                0x00008df8                dm_spi_release_bus
 .text.dm_spi_xfer
                0x00008e14       0x40 drivers/built-in.o
                0x00008e14                dm_spi_xfer
 .text.spi_claim_bus
                0x00008e54        0x8 drivers/built-in.o
                0x00008e54                spi_claim_bus
 .text.spi_release_bus
                0x00008e5c        0x8 drivers/built-in.o
                0x00008e5c                spi_release_bus
 .text.spi_xfer
                0x00008e64        0x8 drivers/built-in.o
                0x00008e64                spi_xfer
 .text.spi_find_chip_select
                0x00008e6c       0x54 drivers/built-in.o
                0x00008e6c                spi_find_chip_select
 .text.spi_get_bus_and_cs
                0x00008ec0      0x144 drivers/built-in.o
                0x00008ec0                spi_get_bus_and_cs
 .text.spi_slave_ofdata_to_platdata
                0x00009004      0x134 drivers/built-in.o
                0x00009004                spi_slave_ofdata_to_platdata
 .text.spi_child_post_bind
                0x00009138       0x30 drivers/built-in.o
 .text.zynq_qspi_set_mode
                0x00009168       0x44 drivers/built-in.o
 .text.zynq_qspi_set_speed
                0x000091ac       0x9c drivers/built-in.o
 .text.zynq_qspi_release_bus
                0x00009248       0x24 drivers/built-in.o
 .text.zynq_qspi_claim_bus
                0x0000926c       0x24 drivers/built-in.o
 .text.zynq_qspi_fill_tx_fifo
                0x00009290      0x184 drivers/built-in.o
 .text.zynq_qspi_child_pre_probe
                0x00009414       0x44 drivers/built-in.o
 .text.zynq_qspi_probe
                0x00009458      0x138 drivers/built-in.o
 .text.zynq_qspi_ofdata_to_platdata
                0x00009590      0x110 drivers/built-in.o
 .text.zynq_qspi_xfer
                0x000096a0      0x360 drivers/built-in.o
 .text.spi_flash_post_bind
                0x00009a00        0x8 drivers/built-in.o
 .text.spi_flash_read_dm
                0x00009a08       0x1c drivers/built-in.o
                0x00009a08                spi_flash_read_dm
 .text.spi_flash_probe_bus_cs
                0x00009a24       0x8c drivers/built-in.o
                0x00009a24                spi_flash_probe_bus_cs
 .text.spi_flash_probe
                0x00009ab0       0x2c drivers/built-in.o
                0x00009ab0                spi_flash_probe
 .text.spi_flash_std_erase
                0x00009adc       0x20 drivers/built-in.o
 .text.spi_flash_std_write
                0x00009afc       0x28 drivers/built-in.o
 .text.spi_flash_std_read
                0x00009b24       0x28 drivers/built-in.o
 .text.spi_flash_std_probe
                0x00009b4c       0x70 drivers/built-in.o
 .text.spi_flash_dual
                0x00009bbc       0x70 drivers/built-in.o
 .text.stm_is_locked_sr
                0x00009c2c       0x80 drivers/built-in.o
 .text.spi_flash_read_common
                0x00009cac       0x5c drivers/built-in.o
                0x00009cac                spi_flash_read_common
 .text.read_sr  0x00009d08       0x2c drivers/built-in.o
 .text.stm_is_locked
                0x00009d34       0x4c drivers/built-in.o
                0x00009d34                stm_is_locked
 .text.spi_flash_write_common
                0x00009d80      0x150 drivers/built-in.o
                0x00009d80                spi_flash_write_common
 .text.write_bar
                0x00009ed0       0x90 drivers/built-in.o
 .text.spi_flash_cmd_erase_ops
                0x00009f60      0x154 drivers/built-in.o
                0x00009f60                spi_flash_cmd_erase_ops
 .text.spi_flash_cmd_write_ops
                0x0000a0b4      0x160 drivers/built-in.o
                0x0000a0b4                spi_flash_cmd_write_ops
 .text.write_sr
                0x0000a214       0x2c drivers/built-in.o
 .text.stm_lock
                0x0000a240      0x170 drivers/built-in.o
                0x0000a240                stm_lock
 .text.stm_unlock
                0x0000a3b0      0x1b8 drivers/built-in.o
                0x0000a3b0                stm_unlock
 .text.set_quad_mode.isra.7
                0x0000a568       0xf4 drivers/built-in.o
 .text.spi_flash_copy_mmap
                0x0000a65c        0x4 drivers/built-in.o
                0x0000a65c                spi_flash_copy_mmap
 .text.spi_flash_cmd_read_ops
                0x0000a660      0x27c drivers/built-in.o
                0x0000a660                spi_flash_cmd_read_ops
 .text.spi_flash_cmd_4B_addr_switch
                0x0000a8dc      0x128 drivers/built-in.o
                0x0000a8dc                spi_flash_cmd_4B_addr_switch
 .text.spi_flash_decode_fdt
                0x0000aa04       0x4c drivers/built-in.o
                0x0000aa04                spi_flash_decode_fdt
 .text.spi_flash_scan
                0x0000aa50      0x500 drivers/built-in.o
                0x0000aa50                spi_flash_scan
 .text.spi_flash_read_write
                0x0000af50       0x7c drivers/built-in.o
 .text.spi_flash_cmd_read
                0x0000afcc       0x20 drivers/built-in.o
                0x0000afcc                spi_flash_cmd_read
 .text.spi_flash_cmd
                0x0000afec       0x2c drivers/built-in.o
                0x0000afec                spi_flash_cmd
 .text.spi_flash_cmd_write
                0x0000b018       0x20 drivers/built-in.o
                0x0000b018                spi_flash_cmd_write
 .text.blk_select_hwpart
                0x0000b038       0x30 drivers/built-in.o
                0x0000b038                blk_select_hwpart
 .text.blk_dselect_hwpart
                0x0000b068        0x8 drivers/built-in.o
                0x0000b068                blk_dselect_hwpart
 .text.blk_get_device
                0x0000b070       0x88 drivers/built-in.o
                0x0000b070                blk_get_device
 .text.blk_dread
                0x0000b0f8       0x30 drivers/built-in.o
                0x0000b0f8                blk_dread
 .text.blk_dwrite
                0x0000b128       0x30 drivers/built-in.o
                0x0000b128                blk_dwrite
 .text.blk_find_max_devnum
                0x0000b158       0x78 drivers/built-in.o
                0x0000b158                blk_find_max_devnum
 .text.blk_create_device
                0x0000b1d0       0xac drivers/built-in.o
                0x0000b1d0                blk_create_device
 .text.blk_create_devicef
                0x0000b27c       0xa0 drivers/built-in.o
                0x0000b27c                blk_create_devicef
 .text.downcase
                0x0000b31c       0x30 fs/built-in.o
 .text.dirdelim
                0x0000b34c       0x30 fs/built-in.o
 .text.mkcksum  0x0000b37c       0x50 fs/built-in.o
 .text.disk_read
                0x0000b3cc       0x6c fs/built-in.o
 .text.get_cluster
                0x0000b438      0x170 fs/built-in.o
 .text.get_name
                0x0000b5a8       0xac fs/built-in.o
 .text.read_bootsectandvi
                0x0000b654      0x128 fs/built-in.o
 .text.disk_write
                0x0000b77c       0x88 fs/built-in.o
 .text.flush_dirty_fat_buffer
                0x0000b804       0xa8 fs/built-in.o
 .text.get_fatent
                0x0000b8ac      0x170 fs/built-in.o
 .text.slot2str
                0x0000ba1c       0xbc fs/built-in.o
 .text.get_vfatname
                0x0000bad8      0x1b8 fs/built-in.o
 .text.fat_set_blk_dev
                0x0000bc90       0xcc fs/built-in.o
                0x0000bc90                fat_set_blk_dev
 .text.fat_register_device
                0x0000bd5c       0x88 fs/built-in.o
                0x0000bd5c                fat_register_device
 .text.do_fat_read_at
                0x0000bde4      0xc9c fs/built-in.o
                0x0000bde4                do_fat_read_at
 .text.file_fat_read_at
                0x0000ca80       0x60 fs/built-in.o
                0x0000ca80                file_fat_read_at
 .text.file_fat_read
                0x0000cae0       0x38 fs/built-in.o
                0x0000cae0                file_fat_read
 .text.fpga_no_sup
                0x0000cb18       0x4c drivers/fpga/built-in.o
 .text.fpga_get_desc
                0x0000cb64       0x34 drivers/fpga/built-in.o
                0x0000cb64                fpga_get_desc
 .text.fpga_validate
                0x0000cb98       0x54 drivers/fpga/built-in.o
                0x0000cb98                fpga_validate
 .text.fpga_init
                0x0000cbec       0x20 drivers/fpga/built-in.o
                0x0000cbec                fpga_init
 .text.fpga_add
                0x0000cc0c       0xa0 drivers/fpga/built-in.o
                0x0000cc0c                fpga_add
 .text.fpga_load
                0x0000ccac       0x94 drivers/fpga/built-in.o
                0x0000ccac                fpga_load
 .text.load_word
                0x0000cd40       0x48 drivers/fpga/built-in.o
 .text.zynq_load
                0x0000cd88      0x444 drivers/fpga/built-in.o
 .text.xilinx_validate
                0x0000d1cc       0x7c drivers/fpga/built-in.o
 .text.xilinx_load
                0x0000d248       0x84 drivers/fpga/built-in.o
                0x0000d248                xilinx_load
 .text.__ashldi3
                0x0000d2cc       0x1c arch/arm/lib/lib.a(ashldi3.o)
                0x0000d2cc                __ashldi3
                0x0000d2cc                __aeabi_llsl
 .text.__udivsi3
                0x0000d2e8       0x9c arch/arm/lib/lib.a(lib1funcs.o)
                0x0000d2e8                __udivsi3
                0x0000d2e8                __aeabi_uidiv
 .text.__divsi3
                0x0000d384       0xcc arch/arm/lib/lib.a(lib1funcs.o)
                0x0000d384                __aeabi_idiv
                0x0000d384                __divsi3
 .text.__aeabi_uidivmod
                0x0000d450       0x30 arch/arm/lib/lib.a(lib1funcs.o)
                0x0000d450                __aeabi_uidivmod
                0x0000d468                __aeabi_idivmod
 .text.Ldiv0    0x0000d480       0x10 arch/arm/lib/lib.a(lib1funcs.o)
 .text.__lshldi3
                0x0000d490       0x1c arch/arm/lib/lib.a(lshrdi3.o)
                0x0000d490                __aeabi_llsr
                0x0000d490                __lshrdi3
 .text.__div0   0x0000d4ac        0x4 arch/arm/lib/lib.a(div0.o)
                0x0000d4ac                __div0

.glue_7         0x0000d4b0        0x0
 .glue_7        0x00000000        0x0 linker stubs

.glue_7t        0x0000d4b0        0x0
 .glue_7t       0x00000000        0x0 linker stubs

.vfp11_veneer   0x0000d4b0        0x0
 .vfp11_veneer  0x00000000        0x0 linker stubs

.v4_bx          0x0000d4b0        0x0
 .v4_bx         0x00000000        0x0 linker stubs

.iplt           0x0000d4b0        0x0
 .iplt          0x00000000        0x0 arch/arm/cpu/armv7/start.o
                0x0000d4b0                . = ALIGN (0x4)

.rodata         0x0000d4b0     0x37fc
 *(SORT(.rodata*))
 .rodata        0x0000d4b0       0x14 common/spl/built-in.o
 .rodata.CSWTCH.35
                0x0000d4c4        0xc arch/arm/mach-zynq/built-in.o
 .rodata.CSWTCH.46
                0x0000d4d0       0x20 disk/built-in.o
 .rodata.arasan_sdhci_ids
                0x0000d4f0       0x10 drivers/built-in.o
 .rodata.arm_dcc_ids
                0x0000d500       0x10 drivers/built-in.o
 .rodata.arm_dcc_ops
                0x0000d510       0x14 drivers/built-in.o
 .rodata.bin_format
                0x0000d524       0x34 drivers/fpga/built-in.o
 .rodata.ext_csd_bits.9198
                0x0000d558       0x14 drivers/built-in.o
 .rodata.ext_to_hostcaps.9199
                0x0000d56c       0x1c drivers/built-in.o
 .rodata.fbase  0x0000d588       0x10 drivers/built-in.o
 .rodata.fpga007s
                0x0000d598       0x1c board/xilinx/zynq/built-in.o
 .rodata.fpga010
                0x0000d5b4       0x1c board/xilinx/zynq/built-in.o
 .rodata.fpga012s
                0x0000d5d0       0x1c board/xilinx/zynq/built-in.o
 .rodata.fpga014s
                0x0000d5ec       0x1c board/xilinx/zynq/built-in.o
 .rodata.fpga015
                0x0000d608       0x1c board/xilinx/zynq/built-in.o
 .rodata.fpga020
                0x0000d624       0x1c board/xilinx/zynq/built-in.o
 .rodata.fpga030
                0x0000d640       0x1c board/xilinx/zynq/built-in.o
 .rodata.fpga035
                0x0000d65c       0x1c board/xilinx/zynq/built-in.o
 .rodata.fpga045
                0x0000d678       0x1c board/xilinx/zynq/built-in.o
 .rodata.fpga100
                0x0000d694       0x1c board/xilinx/zynq/built-in.o
 .rodata.generic_simple_bus_ids
                0x0000d6b0       0x18 drivers/built-in.o
 .rodata.mmc_blk_ops
                0x0000d6c8       0x10 drivers/built-in.o
 .rodata.offsets.10709
                0x0000d6d8       0x10 drivers/built-in.o
 .rodata.root_info
                0x0000d6e8        0x8 drivers/built-in.o
 .rodata.sd_au_size
                0x0000d6f0       0x40 drivers/built-in.o
 .rodata.sdhci_ops
                0x0000d730       0x1c drivers/built-in.o
                0x0000d730                sdhci_ops
 .rodata.spi_flash_ids
                0x0000d74c      0x768 drivers/built-in.o
                0x0000d74c                spi_flash_ids
 .rodata.spi_flash_std_ids
                0x0000deb4       0x10 drivers/built-in.o
 .rodata.spi_flash_std_ops
                0x0000dec4        0xc drivers/built-in.o
 .rodata.widths.9200
                0x0000ded0       0x14 drivers/built-in.o
 .rodata.zynq_qspi_ids
                0x0000dee4       0x10 drivers/built-in.o
 .rodata.zynq_qspi_ops
                0x0000def4       0x1c drivers/built-in.o
 .rodata.zynq_serial_ids
                0x0000df10       0x20 drivers/built-in.o
 .rodata.zynq_serial_ops
                0x0000df30       0x14 drivers/built-in.o
 .rodata.CSWTCH.28
                0x0000df44        0x4 arch/arm/mach-zynq/built-in.o
 .rodata.__FUNCTION__.7033
                0x0000df48        0xc drivers/fpga/built-in.o
 .rodata.__func__.7034
                0x0000df54        0xc drivers/fpga/built-in.o
 .rodata.__func__.7137
                0x0000df60        0x9 drivers/fpga/built-in.o
 .rodata.__func__.7164
                0x0000df69        0xa drivers/fpga/built-in.o
 .rodata.__func__.7323
                0x0000df73       0x12 drivers/fpga/built-in.o
 .rodata.__func__.7350
                0x0000df85       0x13 drivers/fpga/built-in.o
 .rodata.__func__.7384
                0x0000df98       0x16 drivers/fpga/built-in.o
 .rodata.__func__.7402
                0x0000dfae       0x18 drivers/fpga/built-in.o
 .rodata.__func__.7412
                0x0000dfc6        0xa drivers/fpga/built-in.o
 .rodata.__func__.7482
                0x0000dfd0        0xc drivers/built-in.o
 .rodata.__func__.7513
                0x0000dfdc       0x14 drivers/built-in.o
 .rodata.__func__.7514
                0x0000dff0       0x18 common/spl/built-in.o
 .rodata.__func__.7534
                0x0000e008       0x13 common/spl/built-in.o
 .rodata.__func__.7536
                0x0000e01b       0x13 drivers/built-in.o
 .rodata.__func__.7542
                0x0000e02e       0x16 common/spl/built-in.o
 .rodata.__func__.7565
                0x0000e044       0x10 drivers/built-in.o
 .rodata.__func__.7617
                0x0000e054        0xb drivers/built-in.o
 .rodata.__func__.7635
                0x0000e05f       0x10 drivers/built-in.o
 .rodata._ctype
                0x0000e06f      0x100 lib/built-in.o
                0x0000e06f                _ctype
 .rodata.digits.6814
                0x0000e16f       0x10 lib/built-in.o
 .rodata.hex_asc
                0x0000e17f       0x11 lib/built-in.o
 .rodata.multipliers
                0x0000e190       0x10 drivers/built-in.o
 .rodata.str1.1
                0x0000e1a0      0x1f3 arch/arm/mach-zynq/built-in.o
 .rodata.str1.1
                0x0000e393      0x299 arch/arm/lib/built-in.o
                                0x2cf (size before relaxing)
 .rodata.str1.1
                0x0000e62c      0x14c board/xilinx/zynq/built-in.o
                                0x14d (size before relaxing)
 .rodata.str1.1
                0x0000e778      0x33b common/spl/built-in.o
 .rodata.str1.1
                0x0000eab3      0x788 lib/built-in.o
                                0x7b0 (size before relaxing)
 .rodata.str1.1
                0x0000f23b      0x457 disk/built-in.o
                                0x47e (size before relaxing)
 .rodata.str1.1
                0x0000f692      0xbf2 drivers/built-in.o
                                0xc7f (size before relaxing)
 .rodata.str1.1
                0x00010284      0x2ef fs/built-in.o
                                0x31a (size before relaxing)
 .rodata.str1.1
                0x00010573      0x739 drivers/fpga/built-in.o
                                0x74d (size before relaxing)

.dtb.init.rodata
                0x00010cb0     0x3b70
 .dtb.init.rodata
                0x00010cb0     0x3b70 dts/built-in.o
                0x00010cb0                __dtb_dt_begin
                0x00014813                __dtb_dt_end

.rel.dyn        0x00014820        0x0
 .rel.iplt      0x00000000        0x0 arch/arm/cpu/armv7/start.o
                0x00014820                . = ALIGN (0x4)

.data           0x00014820     0x3068
 *(.data*)
 .data.slcr_lock
                0x00014820        0x4 arch/arm/mach-zynq/built-in.o
 .data.ps7_clock_init_data_1_0
                0x00014824      0x114 board/xilinx/zynq/built-in.o
                0x00014824                ps7_clock_init_data_1_0
 .data.ps7_post_config_3_0
                0x00014938       0x44 board/xilinx/zynq/built-in.o
                0x00014938                ps7_post_config_3_0
 .data.ps7_peripherals_init_data_3_0
                0x0001497c      0x1fc board/xilinx/zynq/built-in.o
                0x0001497c                ps7_peripherals_init_data_3_0
 .data.ps7_ddr_init_data_2_0
                0x00014b78      0x53c board/xilinx/zynq/built-in.o
                0x00014b78                ps7_ddr_init_data_2_0
 .data.ps7_peripherals_init_data
                0x000150b4        0x4 board/xilinx/zynq/built-in.o
                0x000150b4                ps7_peripherals_init_data
 .data.ps7_pll_init_data_2_0
                0x000150b8      0x188 board/xilinx/zynq/built-in.o
                0x000150b8                ps7_pll_init_data_2_0
 .data.ps7_mio_init_data_2_0
                0x00015240      0x494 board/xilinx/zynq/built-in.o
                0x00015240                ps7_mio_init_data_2_0
 .data.ps7_peripherals_init_data_2_0
                0x000156d4      0x1fc board/xilinx/zynq/built-in.o
                0x000156d4                ps7_peripherals_init_data_2_0
 .data.ps7_pll_init_data
                0x000158d0        0x4 board/xilinx/zynq/built-in.o
                0x000158d0                ps7_pll_init_data
 .data.ps7_ddr_init_data
                0x000158d4        0x4 board/xilinx/zynq/built-in.o
                0x000158d4                ps7_ddr_init_data
 .data.ps7_post_config_2_0
                0x000158d8       0x44 board/xilinx/zynq/built-in.o
                0x000158d8                ps7_post_config_2_0
 .data.ps7_ddr_init_data_1_0
                0x0001591c      0x51c board/xilinx/zynq/built-in.o
                0x0001591c                ps7_ddr_init_data_1_0
 .data.ps7_pll_init_data_1_0
                0x00015e38      0x188 board/xilinx/zynq/built-in.o
                0x00015e38                ps7_pll_init_data_1_0
 .data.ps7_mio_init_data_1_0
                0x00015fc0      0x494 board/xilinx/zynq/built-in.o
                0x00015fc0                ps7_mio_init_data_1_0
 .data.ps7_clock_init_data_3_0
                0x00016454      0x114 board/xilinx/zynq/built-in.o
                0x00016454                ps7_clock_init_data_3_0
 .data.ps7_mio_init_data
                0x00016568        0x4 board/xilinx/zynq/built-in.o
                0x00016568                ps7_mio_init_data
 .data.ps7_peripherals_init_data_1_0
                0x0001656c      0x1fc board/xilinx/zynq/built-in.o
                0x0001656c                ps7_peripherals_init_data_1_0
 .data.ps7_ddr_init_data_3_0
                0x00016768      0x52c board/xilinx/zynq/built-in.o
                0x00016768                ps7_ddr_init_data_3_0
 .data.ps7_pll_init_data_3_0
                0x00016c94      0x188 board/xilinx/zynq/built-in.o
                0x00016c94                ps7_pll_init_data_3_0
 .data.ps7_mio_init_data_3_0
                0x00016e1c      0x494 board/xilinx/zynq/built-in.o
                0x00016e1c                ps7_mio_init_data_3_0
 .data.ps7_post_config_1_0
                0x000172b0       0x44 board/xilinx/zynq/built-in.o
                0x000172b0                ps7_post_config_1_0
 .data.ps7_clock_init_data_2_0
                0x000172f4      0x114 board/xilinx/zynq/built-in.o
                0x000172f4                ps7_clock_init_data_2_0
 .data.ps7_clock_init_data
                0x00017408        0x4 board/xilinx/zynq/built-in.o
                0x00017408                ps7_clock_init_data
 .data          0x0001740c       0x50 common/spl/built-in.o
 .data.av_      0x0001745c      0x408 common/built-in.o
 .data.sbrk_base
                0x00017864        0x4 common/built-in.o
 .data.trim_threshold
                0x00017868        0x4 common/built-in.o
 .data.cmd_timeout.7535
                0x0001786c        0x4 drivers/built-in.o
 .data.next_desc
                0x00017870        0x4 drivers/fpga/built-in.o
 .data.zynq_op  0x00017874       0x14 drivers/fpga/built-in.o
                0x00017874                zynq_op

.igot.plt       0x00017888        0x0
 .igot.plt      0x00000000        0x0 arch/arm/cpu/armv7/start.o

.__bss_end      0x00017888        0x0
 .__bss_end     0x00017888        0x0 arch/arm/lib/built-in.o

.__bss_start    0x00017888        0x0
 .__bss_start   0x00017888        0x0 arch/arm/lib/built-in.o
                0x00017888                . = ALIGN (0x4)

.u_boot_list    0x00017888      0x53c
 *(SORT(.u_boot_list*))
 .u_boot_list_2_cmd_1
                0x00017888        0x0 common/built-in.o
 .u_boot_list_2_cmd_3
                0x00017888        0x0 common/built-in.o
 .u_boot_list_2_driver_1
                0x00017888        0x0 drivers/built-in.o
 .u_boot_list_2_driver_2_arasan_sdhci_drv
                0x00017888       0x44 drivers/built-in.o
                0x00017888                _u_boot_list_2_driver_2_arasan_sdhci_drv
 .u_boot_list_2_driver_2_mmc
                0x000178cc       0x44 drivers/built-in.o
                0x000178cc                _u_boot_list_2_driver_2_mmc
 .u_boot_list_2_driver_2_mmc_blk
                0x00017910       0x44 drivers/built-in.o
                0x00017910                _u_boot_list_2_driver_2_mmc_blk
 .u_boot_list_2_driver_2_root_driver
                0x00017954       0x44 drivers/built-in.o
                0x00017954                _u_boot_list_2_driver_2_root_driver
 .u_boot_list_2_driver_2_serial_dcc
                0x00017998       0x44 drivers/built-in.o
                0x00017998                _u_boot_list_2_driver_2_serial_dcc
 .u_boot_list_2_driver_2_serial_zynq
                0x000179dc       0x44 drivers/built-in.o
                0x000179dc                _u_boot_list_2_driver_2_serial_zynq
 .u_boot_list_2_driver_2_simple_bus_drv
                0x00017a20       0x44 drivers/built-in.o
                0x00017a20                _u_boot_list_2_driver_2_simple_bus_drv
 .u_boot_list_2_driver_2_spi_flash_std
                0x00017a64       0x44 drivers/built-in.o
                0x00017a64                _u_boot_list_2_driver_2_spi_flash_std
 .u_boot_list_2_driver_2_spi_generic_drv
                0x00017aa8       0x44 drivers/built-in.o
                0x00017aa8                _u_boot_list_2_driver_2_spi_generic_drv
 .u_boot_list_2_driver_2_zynq_qspi
                0x00017aec       0x44 drivers/built-in.o
                0x00017aec                _u_boot_list_2_driver_2_zynq_qspi
 .u_boot_list_2_driver_3
                0x00017b30        0x0 drivers/built-in.o
 .u_boot_list_2_driver_info_1
                0x00017b30        0x0 drivers/built-in.o
 .u_boot_list_2_driver_info_3
                0x00017b30        0x0 drivers/built-in.o
 .u_boot_list_2_part_driver_1
                0x00017b30        0x0 disk/built-in.o
 .u_boot_list_2_part_driver_2_dos
                0x00017b30       0x18 disk/built-in.o
                0x00017b30                _u_boot_list_2_part_driver_2_dos
 .u_boot_list_2_part_driver_3
                0x00017b48        0x0 disk/built-in.o
 .u_boot_list_2_spl_image_loader_1
                0x00017b48        0x0 common/spl/built-in.o
 .u_boot_list_2_spl_image_loader_2_spl_mmc_load_image0BOOT_DEVICE_MMC1
                0x00017b48        0xc common/spl/built-in.o
                0x00017b48                _u_boot_list_2_spl_image_loader_2_spl_mmc_load_image0BOOT_DEVICE_MMC1
 .u_boot_list_2_spl_image_loader_2_spl_mmc_load_image0BOOT_DEVICE_MMC2
                0x00017b54        0xc common/spl/built-in.o
                0x00017b54                _u_boot_list_2_spl_image_loader_2_spl_mmc_load_image0BOOT_DEVICE_MMC2
 .u_boot_list_2_spl_image_loader_2_spl_mmc_load_image0BOOT_DEVICE_MMC2_2
                0x00017b60        0xc common/spl/built-in.o
                0x00017b60                _u_boot_list_2_spl_image_loader_2_spl_mmc_load_image0BOOT_DEVICE_MMC2_2
 .u_boot_list_2_spl_image_loader_2_spl_ram_load_image0BOOT_DEVICE_RAM
                0x00017b6c        0xc common/spl/built-in.o
                0x00017b6c                _u_boot_list_2_spl_image_loader_2_spl_ram_load_image0BOOT_DEVICE_RAM
 .u_boot_list_2_spl_image_loader_2_spl_spi_load_image1BOOT_DEVICE_SPI
                0x00017b78        0xc common/spl/built-in.o
                0x00017b78                _u_boot_list_2_spl_image_loader_2_spl_spi_load_image1BOOT_DEVICE_SPI
 .u_boot_list_2_spl_image_loader_3
                0x00017b84        0x0 common/spl/built-in.o
 .u_boot_list_2_uclass_1
                0x00017b84        0x0 drivers/built-in.o
 .u_boot_list_2_uclass_2_blk
                0x00017b84       0x48 drivers/built-in.o
                0x00017b84                _u_boot_list_2_uclass_2_blk
 .u_boot_list_2_uclass_2_mmc
                0x00017bcc       0x48 drivers/built-in.o
                0x00017bcc                _u_boot_list_2_uclass_2_mmc
 .u_boot_list_2_uclass_2_root
                0x00017c14       0x48 drivers/built-in.o
                0x00017c14                _u_boot_list_2_uclass_2_root
 .u_boot_list_2_uclass_2_serial
                0x00017c5c       0x48 drivers/built-in.o
                0x00017c5c                _u_boot_list_2_uclass_2_serial
 .u_boot_list_2_uclass_2_simple_bus
                0x00017ca4       0x48 drivers/built-in.o
                0x00017ca4                _u_boot_list_2_uclass_2_simple_bus
 .u_boot_list_2_uclass_2_spi
                0x00017cec       0x48 drivers/built-in.o
                0x00017cec                _u_boot_list_2_uclass_2_spi
 .u_boot_list_2_uclass_2_spi_flash
                0x00017d34       0x48 drivers/built-in.o
                0x00017d34                _u_boot_list_2_uclass_2_spi_flash
 .u_boot_list_2_uclass_2_spi_generic
                0x00017d7c       0x48 drivers/built-in.o
                0x00017d7c                _u_boot_list_2_uclass_2_spi_generic
 .u_boot_list_2_uclass_3
                0x00017dc4        0x0 drivers/built-in.o
                0x00017dc4                . = ALIGN (0x4)
                0x00017dc4                _image_binary_end = .
                0x00017dc4                _end = .

.bss            0x00100000    0x30104
                0x00100000                __bss_start = .
 *(.bss*)
 .bss.fpga      0x00100000       0x1c board/xilinx/zynq/built-in.o
 .bss.fat_registered
                0x0010001c        0x4 common/spl/built-in.o
 .bss.ctrlc_was_pressed
                0x00100020        0x4 common/built-in.o
 .bss.ctrlc_disabled
                0x00100024        0x4 common/built-in.o
 .bss.max_total_mem
                0x00100028        0x4 common/built-in.o
 .bss.mem_malloc_brk
                0x0010002c        0x4 common/built-in.o
                0x0010002c                mem_malloc_brk
 .bss.max_sbrked_mem
                0x00100030        0x4 common/built-in.o
 .bss.current_mallinfo
                0x00100034       0x28 common/built-in.o
 .bss.mem_malloc_end
                0x0010005c        0x4 common/built-in.o
                0x0010005c                mem_malloc_end
 .bss.top_pad   0x00100060        0x4 common/built-in.o
 .bss.mem_malloc_start
                0x00100064        0x4 common/built-in.o
                0x00100064                mem_malloc_start
 .bss.stdio_devices
                0x00100068        0xc common/built-in.o
                0x00100068                stdio_devices
 .bss.initialized.9254
                0x00100074        0x4 drivers/built-in.o
 .bss.aligned_buffer
                0x00100078        0x4 drivers/built-in.o
                0x00100078                aligned_buffer
 .bss.current_u_page.10749
                0x0010007c        0x1 drivers/built-in.o
 *fill*         0x0010007d        0x3 
 .bss.get_contents_vfatname_block
                0x00100080    0x10000 fs/built-in.o
                0x00100080                get_contents_vfatname_block
 .bss.do_fat_read_at_block
                0x00110080    0x10000 fs/built-in.o
                0x00110080                do_fat_read_at_block
 .bss.get_dentfromdir_block
                0x00120080    0x10000 fs/built-in.o
                0x00120080                get_dentfromdir_block
 .bss.cur_part_info
                0x00130080       0x50 fs/built-in.o
 .bss.total_sector
                0x001300d0        0x4 fs/built-in.o
 .bss.num_of_fats
                0x001300d4        0x1 fs/built-in.o
 *fill*         0x001300d5        0x3 
 .bss.cur_dev   0x001300d8        0x4 fs/built-in.o
 .bss.desc_table
                0x001300dc       0x28 drivers/fpga/built-in.o
                0x00130104                . = ALIGN (0x4)
                0x00130104                __bss_end = .

/DISCARD/
 *(.dynsym)
 *(.dynstr*)
 *(.dynamic*)
 *(.plt*)
 *(.interp*)
 *(.gnu*)
Address of section .text set to 0x0
LOAD arch/arm/cpu/armv7/start.o
START GROUP
LOAD arch/arm/mach-zynq/built-in.o
LOAD arch/arm/cpu/armv7/built-in.o
LOAD arch/arm/cpu/built-in.o
LOAD arch/arm/lib/built-in.o
LOAD board/xilinx/zynq/built-in.o
LOAD common/spl/built-in.o
LOAD common/init/built-in.o
LOAD common/built-in.o
LOAD cmd/built-in.o
LOAD lib/built-in.o
LOAD disk/built-in.o
LOAD drivers/built-in.o
LOAD dts/built-in.o
LOAD fs/built-in.o
LOAD drivers/fpga/built-in.o
END GROUP
LOAD arch/arm/lib/eabi_compat.o
LOAD arch/arm/lib/lib.a
OUTPUT(u-boot-spl elf32-littlearm)

.ARM.attributes
                0x00000000       0x2f
 .ARM.attributes
                0x00000000       0x23 arch/arm/cpu/armv7/start.o
 .ARM.attributes
                0x00000023       0x2f arch/arm/mach-zynq/built-in.o
 .ARM.attributes
                0x00000052       0x31 arch/arm/cpu/armv7/built-in.o
 .ARM.attributes
                0x00000083       0x2f arch/arm/lib/built-in.o
 .ARM.attributes
                0x000000b2       0x2d board/xilinx/zynq/built-in.o
 .ARM.attributes
                0x000000df       0x2d common/spl/built-in.o
 .ARM.attributes
                0x0000010c       0x2d common/init/built-in.o
 .ARM.attributes
                0x00000139       0x2d common/built-in.o
 .ARM.attributes
                0x00000166       0x2d lib/built-in.o
 .ARM.attributes
                0x00000193       0x2d disk/built-in.o
 .ARM.attributes
                0x000001c0       0x2d drivers/built-in.o
 .ARM.attributes
                0x000001ed       0x23 dts/built-in.o
 .ARM.attributes
                0x00000210       0x2d fs/built-in.o
 .ARM.attributes
                0x0000023d       0x2d drivers/fpga/built-in.o
 .ARM.attributes
                0x0000026a       0x23 arch/arm/lib/lib.a(ashldi3.o)
 .ARM.attributes
                0x0000028d       0x23 arch/arm/lib/lib.a(lib1funcs.o)
 .ARM.attributes
                0x000002b0       0x23 arch/arm/lib/lib.a(lshrdi3.o)
 .ARM.attributes
                0x000002d3       0x2d arch/arm/lib/lib.a(div0.o)

.comment        0x00000000       0x30
 .comment       0x00000000       0x30 arch/arm/mach-zynq/built-in.o
                                0x126 (size before relaxing)
 .comment       0x00000000       0xc4 arch/arm/cpu/armv7/built-in.o
 .comment       0x00000000      0x1b9 arch/arm/lib/built-in.o
 .comment       0x00000000       0x62 board/xilinx/zynq/built-in.o
 .comment       0x00000000       0xc4 common/spl/built-in.o
 .comment       0x00000000       0x31 common/init/built-in.o
 .comment       0x00000000      0x2df common/built-in.o
 .comment       0x00000000      0x5be lib/built-in.o
 .comment       0x00000000       0x62 disk/built-in.o
 .comment       0x00000000      0x436 drivers/built-in.o
 .comment       0x00000000       0x31 fs/built-in.o
 .comment       0x00000000       0x93 drivers/fpga/built-in.o
 .comment       0x00000000       0x31 arch/arm/lib/lib.a(div0.o)

.note.GNU-stack
                0x00000000        0x0
 .note.GNU-stack
                0x00000000        0x0 arch/arm/mach-zynq/built-in.o
 .note.GNU-stack
                0x00000000        0x0 arch/arm/cpu/armv7/built-in.o
 .note.GNU-stack
                0x00000000        0x0 arch/arm/lib/built-in.o
 .note.GNU-stack
                0x00000000        0x0 board/xilinx/zynq/built-in.o
 .note.GNU-stack
                0x00000000        0x0 common/spl/built-in.o
 .note.GNU-stack
                0x00000000        0x0 common/init/built-in.o
 .note.GNU-stack
                0x00000000        0x0 common/built-in.o
 .note.GNU-stack
                0x00000000        0x0 lib/built-in.o
 .note.GNU-stack
                0x00000000        0x0 disk/built-in.o
 .note.GNU-stack
                0x00000000        0x0 drivers/built-in.o
 .note.GNU-stack
                0x00000000        0x0 fs/built-in.o
 .note.GNU-stack
                0x00000000        0x0 drivers/fpga/built-in.o
 .note.GNU-stack
                0x00000000        0x0 arch/arm/lib/lib.a(div0.o)

.debug_line     0x00000000     0xeea2
 .debug_line    0x00000000       0x89 arch/arm/cpu/armv7/start.o
 .debug_line    0x00000089      0xaec arch/arm/mach-zynq/built-in.o
 .debug_line    0x00000b75      0x3db arch/arm/cpu/armv7/built-in.o
 .debug_line    0x00000f50      0x97c arch/arm/lib/built-in.o
 .debug_line    0x000018cc      0x39c board/xilinx/zynq/built-in.o
 .debug_line    0x00001c68      0x7ab common/spl/built-in.o
 .debug_line    0x00002413      0x110 common/init/built-in.o
 .debug_line    0x00002523     0x2a0e common/built-in.o
 .debug_line    0x00004f31     0x3f13 lib/built-in.o
 .debug_line    0x00008e44      0x64d disk/built-in.o
 .debug_line    0x00009491     0x4707 drivers/built-in.o
 .debug_line    0x0000db98      0xb38 fs/built-in.o
 .debug_line    0x0000e6d0      0x5f3 drivers/fpga/built-in.o
 .debug_line    0x0000ecc3       0x4c arch/arm/lib/lib.a(ashldi3.o)
 .debug_line    0x0000ed0f      0x103 arch/arm/lib/lib.a(lib1funcs.o)
 .debug_line    0x0000ee12       0x4c arch/arm/lib/lib.a(lshrdi3.o)
 .debug_line    0x0000ee5e       0x44 arch/arm/lib/lib.a(div0.o)

.debug_info     0x00000000    0x537e7
 .debug_info    0x00000000       0x5f arch/arm/cpu/armv7/start.o
 .debug_info    0x0000005f     0x3fb0 arch/arm/mach-zynq/built-in.o
 .debug_info    0x0000400f      0x735 arch/arm/cpu/armv7/built-in.o
 .debug_info    0x00004744     0x2323 arch/arm/lib/built-in.o
 .debug_info    0x00006a67     0x117c board/xilinx/zynq/built-in.o
 .debug_info    0x00007be3     0x4936 common/spl/built-in.o
 .debug_info    0x0000c519      0x544 common/init/built-in.o
 .debug_info    0x0000ca5d     0xe9bb common/built-in.o
 .debug_info    0x0001b418    0x12864 lib/built-in.o
 .debug_info    0x0002dc7c     0x24b3 disk/built-in.o
 .debug_info    0x0003012f    0x1d041 drivers/built-in.o
 .debug_info    0x0004d170     0x3c8b fs/built-in.o
 .debug_info    0x00050dfb     0x288a drivers/fpga/built-in.o
 .debug_info    0x00053685       0x5b arch/arm/lib/lib.a(ashldi3.o)
 .debug_info    0x000536e0       0x59 arch/arm/lib/lib.a(lib1funcs.o)
 .debug_info    0x00053739       0x5b arch/arm/lib/lib.a(lshrdi3.o)
 .debug_info    0x00053794       0x53 arch/arm/lib/lib.a(div0.o)

.debug_abbrev   0x00000000     0xf3e1
 .debug_abbrev  0x00000000       0x14 arch/arm/cpu/armv7/start.o
 .debug_abbrev  0x00000014      0xd85 arch/arm/mach-zynq/built-in.o
 .debug_abbrev  0x00000d99      0x319 arch/arm/cpu/armv7/built-in.o
 .debug_abbrev  0x000010b2      0xb9d arch/arm/lib/built-in.o
 .debug_abbrev  0x00001c4f      0x445 board/xilinx/zynq/built-in.o
 .debug_abbrev  0x00002094      0xd5d common/spl/built-in.o
 .debug_abbrev  0x00002df1      0x16c common/init/built-in.o
 .debug_abbrev  0x00002f5d     0x2d7e common/built-in.o
 .debug_abbrev  0x00005cdb     0x3bfc lib/built-in.o
 .debug_abbrev  0x000098d7      0x7a9 disk/built-in.o
 .debug_abbrev  0x0000a080     0x44b4 drivers/built-in.o
 .debug_abbrev  0x0000e534      0x573 fs/built-in.o
 .debug_abbrev  0x0000eaa7      0x8b3 drivers/fpga/built-in.o
 .debug_abbrev  0x0000f35a       0x14 arch/arm/lib/lib.a(ashldi3.o)
 .debug_abbrev  0x0000f36e       0x12 arch/arm/lib/lib.a(lib1funcs.o)
 .debug_abbrev  0x0000f380       0x14 arch/arm/lib/lib.a(lshrdi3.o)
 .debug_abbrev  0x0000f394       0x4d arch/arm/lib/lib.a(div0.o)

.debug_aranges  0x00000000     0x2610
 .debug_aranges
                0x00000000       0x20 arch/arm/cpu/armv7/start.o
 .debug_aranges
                0x00000020      0x1d8 arch/arm/mach-zynq/built-in.o
 .debug_aranges
                0x000001f8      0x128 arch/arm/cpu/armv7/built-in.o
 .debug_aranges
                0x00000320      0x248 arch/arm/lib/built-in.o
 .debug_aranges
                0x00000568       0xd0 board/xilinx/zynq/built-in.o
 .debug_aranges
                0x00000638      0x100 common/spl/built-in.o
 .debug_aranges
                0x00000738       0x30 common/init/built-in.o
 .debug_aranges
                0x00000768      0x5f0 common/built-in.o
 .debug_aranges
                0x00000d58      0xae8 lib/built-in.o
 .debug_aranges
                0x00001840       0xb8 disk/built-in.o
 .debug_aranges
                0x000018f8      0xa70 drivers/built-in.o
 .debug_aranges
                0x00002368      0x118 fs/built-in.o
 .debug_aranges
                0x00002480       0xe8 drivers/fpga/built-in.o
 .debug_aranges
                0x00002568       0x20 arch/arm/lib/lib.a(ashldi3.o)
 .debug_aranges
                0x00002588       0x48 arch/arm/lib/lib.a(lib1funcs.o)
 .debug_aranges
                0x000025d0       0x20 arch/arm/lib/lib.a(lshrdi3.o)
 .debug_aranges
                0x000025f0       0x20 arch/arm/lib/lib.a(div0.o)

.debug_frame    0x00000000     0x62e4
 .debug_frame   0x00000000      0x3a8 arch/arm/mach-zynq/built-in.o
 .debug_frame   0x000003a8      0x1a0 arch/arm/cpu/armv7/built-in.o
 .debug_frame   0x00000548      0x37c arch/arm/lib/built-in.o
 .debug_frame   0x000008c4      0x1d0 board/xilinx/zynq/built-in.o
 .debug_frame   0x00000a94      0x23c common/spl/built-in.o
 .debug_frame   0x00000cd0       0x40 common/init/built-in.o
 .debug_frame   0x00000d10      0xf98 common/built-in.o
 .debug_frame   0x00001ca8     0x1fb0 lib/built-in.o
 .debug_frame   0x00003c58      0x26c disk/built-in.o
 .debug_frame   0x00003ec4     0x1d54 drivers/built-in.o
 .debug_frame   0x00005c18      0x424 fs/built-in.o
 .debug_frame   0x0000603c      0x288 drivers/fpga/built-in.o
 .debug_frame   0x000062c4       0x20 arch/arm/lib/lib.a(div0.o)

.debug_str      0x00000000     0xad99
 .debug_str     0x00000000     0x104b arch/arm/mach-zynq/built-in.o
                               0x2b56 (size before relaxing)
 .debug_str     0x0000104b      0x2f7 arch/arm/cpu/armv7/built-in.o
                                0xc34 (size before relaxing)
 .debug_str     0x00001342      0x52d arch/arm/lib/built-in.o
                               0x229f (size before relaxing)
 .debug_str     0x0000186f      0x6c0 board/xilinx/zynq/built-in.o
                                0xe1b (size before relaxing)
 .debug_str     0x00001f2f     0x1005 common/spl/built-in.o
                               0x3a87 (size before relaxing)
 .debug_str     0x00002f34       0x55 common/init/built-in.o
                                0x576 (size before relaxing)
 .debug_str     0x00002f89     0x2b06 common/built-in.o
                               0x8965 (size before relaxing)
 .debug_str     0x00005a8f     0x2198 lib/built-in.o
                               0x948c (size before relaxing)
 .debug_str     0x00007c27      0x3b9 disk/built-in.o
                                0xf3d (size before relaxing)
 .debug_str     0x00007fe0     0x24a1 drivers/built-in.o
                              0x11282 (size before relaxing)
 .debug_str     0x0000a481      0x6fd fs/built-in.o
                                0xd15 (size before relaxing)
 .debug_str     0x0000ab7e      0x200 drivers/fpga/built-in.o
                               0x12b8 (size before relaxing)
 .debug_str     0x0000ad7e       0x1b arch/arm/lib/lib.a(div0.o)
                                0x16d (size before relaxing)

.debug_loc      0x00000000    0x2aaa8
 .debug_loc     0x00000000      0xd60 arch/arm/mach-zynq/built-in.o
 .debug_loc     0x00000d60       0xdc arch/arm/cpu/armv7/built-in.o
 .debug_loc     0x00000e3c      0x56c arch/arm/lib/built-in.o
 .debug_loc     0x000013a8      0x4a4 board/xilinx/zynq/built-in.o
 .debug_loc     0x0000184c      0xd9d common/spl/built-in.o
 .debug_loc     0x000025e9       0xf2 common/init/built-in.o
 .debug_loc     0x000026db     0x750c common/built-in.o
 .debug_loc     0x00009be7     0xd855 lib/built-in.o
 .debug_loc     0x0001743c     0x1320 disk/built-in.o
 .debug_loc     0x0001875c     0xccff drivers/built-in.o
 .debug_loc     0x0002545b     0x40cb fs/built-in.o
 .debug_loc     0x00029526     0x1582 drivers/fpga/built-in.o

.debug_ranges   0x00000000     0x3e20
 .debug_ranges  0x00000000      0x680 arch/arm/mach-zynq/built-in.o
 .debug_ranges  0x00000680       0xc8 arch/arm/cpu/armv7/built-in.o
 .debug_ranges  0x00000748      0x170 arch/arm/lib/built-in.o
 .debug_ranges  0x000008b8       0xf0 board/xilinx/zynq/built-in.o
 .debug_ranges  0x000009a8      0x178 common/spl/built-in.o
 .debug_ranges  0x00000b20       0x20 common/init/built-in.o
 .debug_ranges  0x00000b40      0x780 common/built-in.o
 .debug_ranges  0x000012c0     0x1060 lib/built-in.o
 .debug_ranges  0x00002320      0x1f8 disk/built-in.o
 .debug_ranges  0x00002518     0x1388 drivers/built-in.o
 .debug_ranges  0x000038a0      0x380 fs/built-in.o
 .debug_ranges  0x00003c20      0x1b0 drivers/fpga/built-in.o
 .debug_ranges  0x00003dd0       0x40 arch/arm/lib/lib.a(lib1funcs.o)
 .debug_ranges  0x00003e10       0x10 arch/arm/lib/lib.a(div0.o)
