image-fit.c:681:12:fit_image_get_address	24	static
image-fit.c:77:5:fit_parse_conf	24	static
image-fit.c:103:5:fit_parse_subimage	24	static
image-fit.c:126:5:fit_get_subimage_count	24	static
image-fit.c:473:5:fit_get_desc	16	static
image-fit.c:501:5:fit_get_timestamp	16	static
image-fit.c:533:5:fit_image_get_node	16	static
image-fit.c:567:5:fit_image_get_os	16	static
image-fit.c:599:5:fit_image_get_arch	16	static
image-fit.c:631:5:fit_image_get_type	16	static
image-fit.c:663:5:fit_image_get_comp	16	static
image-fit.c:722:5:fit_image_get_load	0	static
image-fit.c:744:5:fit_image_get_entry	0	static
image-fit.c:764:5:fit_image_get_data	24	static
image-fit.c:793:5:fit_image_hash_get_algo	16	static
image-fit.c:821:5:fit_image_hash_get_value	24	static
image-fit.c:262:13:fit_image_print_data	48	static
image-fit.c:358:6:fit_image_print	56	static
image-fit.c:865:7:fit_get_end	0	static
image-fit.c:883:5:fit_set_timestamp	24	static
image-fit.c:919:5:calculate_hash	32	static
image-fit.c:1006:5:fit_image_verify	96	static
image-fit.c:1088:5:fit_all_image_verify	32	static
image-fit.c:1140:5:fit_image_check_os	16	static
image-fit.c:1162:5:fit_image_check_arch	16	static
image-fit.c:1192:5:fit_image_check_type	16	static
image-fit.c:1215:5:fit_image_check_comp	16	static
image-fit.c:1235:5:fit_check_format	8	static
image-fit.c:1300:5:fit_conf_find_compat	64	static
image-fit.c:1405:5:fit_conf_get_node	24	static
image-fit.c:1439:5:fit_conf_get_prop_node	16	static
image-fit.c:1465:6:fit_conf_print	40	static
image-fit.c:158:6:fit_print_contents	32	static
image-fit.c:1530:5:fit_get_node_from_config	16	static
image-fit.c:1588:5:fit_image_load	72	static
image-fit.c:1809:5:boot_get_setup_fit	56	static
