ehci-hcd.c:122:12:ehci_get_port_speed	0	static
ehci-hcd.c:127:13:ehci_set_usbmode	0	static
ehci-hcd.c:149:18:ehci_get_portsc_register	0	static
ehci-hcd.c:143:13:ehci_powerup_fixup	0	static
ehci-hcd.c:160:12:handshake	24	static
ehci-hcd.c:240:12:ehci_td_buffer	16	static
ehci-hcd.c:204:12:ehci_shutdown	16	static
ehci-hcd.c:1383:14:_ehci_poll_int_queue	24	static
ehci-hcd.c:1581:14:ehci_poll_int_queue	0	static
ehci-hcd.c:1200:1:disable_periodic.isra.0	8	static
ehci-hcd.c:1179:1:enable_periodic.isra.1	8	static
ehci-hcd.c:113:26:ehci_get_ctrl.isra.2	8	static
ehci-hcd.c:1424:12:_ehci_destroy_int_queue	32	static
ehci-hcd.c:1588:12:ehci_destroy_int_queue	0	static
ehci-hcd.c:284:13:ehci_update_endpt2_dev_n_port.isra.3	16	static
ehci-hcd.c:300:1:ehci_submit_async	288	static
ehci-hcd.c:1557:12:ehci_submit_bulk_msg	0	static
ehci-hcd.c:1219:26:_ehci_create_int_queue.isra.4	80	static
ehci-hcd.c:1572:26:ehci_create_int_queue	0	static
ehci-hcd.c:1564:12:ehci_submit_int_msg	32	static
ehci-hcd.c:1547:12:ehci_submit_control_msg	56	static
ehci-hcd.c:1595:5:ehci_register	32	static
ehci-hcd.c:1638:5:ehci_deregister	8	static
