usb-uclass.c:683:5:usb_child_post_bind	16	static
usb-uclass.c:208:13:remove_inactive_children.isra.1	24	static
usb-uclass.c:28:5:usb_disable_asynch	0	static
usb-uclass.c:36:5:submit_int_msg	16	static
usb-uclass.c:48:5:submit_control_msg	24	static
usb-uclass.c:71:5:submit_bulk_msg	16	static
usb-uclass.c:83:19:create_int_queue	24	static
usb-uclass.c:97:7:poll_int_queue	0	static
usb-uclass.c:108:5:destroy_int_queue	0	static
usb-uclass.c:119:5:usb_alloc_device	0	static
usb-uclass.c:131:5:usb_reset_root_port	0	static
usb-uclass.c:142:5:usb_stop	24	static
usb-uclass.c:351:5:usb_setup_ehci_gadget	24	static
usb-uclass.c:376:5:usb_match_device	4	static
usb-uclass.c:413:5:usb_match_one_id_intf	0	static
usb-uclass.c:448:5:usb_match_one_id	16	static
usb-uclass.c:643:5:usb_detect_change	32	static
usb-uclass.c:707:17:usb_get_bus	8	static
usb-uclass.c:554:5:usb_scan_device	2528	static
usb-uclass.c:187:13:usb_scan_bus.isra.2	24	static
usb-uclass.c:222:5:usb_init	32	static
usb-uclass.c:722:5:usb_child_pre_probe	16	static
