efi_net.c:169:13:efi_net_push	0	static
efi_net.c:202:28:efi_net_open_dp	0	static
efi_net.c:214:28:efi_net_open_pxe	0	static
efi_net.c:127:28:efi_net_get_status	16	static
efi_net.c:117:28:efi_net_nvdata	8	static
efi_net.c:107:28:efi_net_mcastiptomac	8	static
efi_net.c:98:28:efi_net_statistics	8	static
efi_net.c:89:28:efi_net_station_address	8	static
efi_net.c:76:28:efi_net_receive_filters	8	static
efi_net.c:69:28:efi_net_shutdown	8	static
efi_net.c:61:28:efi_net_reset	8	static
efi_net.c:44:28:efi_net_stop	8	static
efi_net.c:37:28:efi_net_start	8	static
efi_net.c:51:28:efi_net_initialize	8	static
efi_net.c:174:28:efi_net_receive	24	static
efi_net.c:143:28:efi_net_transmit	16	static
efi_net.c:226:6:efi_net_set_dhcp_ack	16	static
efi_net.c:237:5:efi_net_register	136	static
