spl.c:39:13:show_boot_progress	0	static
spl.c:52:12:spl_start_uboot	8	static
spl.c:63:12:bootz_setup	0	static
spl.c:74:13:spl_board_prepare_for_linux	0	static
spl.c:79:13:spl_board_prepare_for_boot	0	static
spl.c:84:6:spl_set_header_raw_uboot	0	static
spl.c:93:5:spl_parse_image_header	16	static
spl.c:187:12:spl_ram_load_image	8	static
spl.c:162:24:jump_to_image_no_args	8	static
spl.c:231:5:spl_init	8	static
spl.c:267:13:board_boot_order	8	static
spl.c:330:6:board_init_r	64	static
spl.c:401:6:preloader_console_init	8	static
spl.c:435:7:spl_relocate_stack_gd	0	static
